Archive member included to satisfy reference by file (symbol)

/home/hrlds/intelFPGA_lite/20.1/nios2eds/bin/gnu/H-x86_64-pc-linux-gnu/bin/../lib/gcc/nios2-elf/9.2.1/mno-hw-mul/libgcc.a(lib2-divmod.o)
                              obj/default/hello_world_small.o (__divsi3)
../cronometro_bsp//libhal_bsp.a(alt_iic.o)
                              obj/default/hello_world_small.o (alt_ic_isr_register)
../cronometro_bsp//libhal_bsp.a(alt_iic_isr_register.o)
                              ../cronometro_bsp//libhal_bsp.a(alt_iic.o) (alt_iic_isr_register)
../cronometro_bsp//libhal_bsp.a(alt_irq_entry.o)
                              ../cronometro_bsp//libhal_bsp.a(alt_iic_isr_register.o) (alt_irq_entry)
../cronometro_bsp//libhal_bsp.a(alt_irq_handler.o)
                              ../cronometro_bsp//libhal_bsp.a(alt_iic_isr_register.o) (alt_irq_handler)
../cronometro_bsp//libhal_bsp.a(alt_irq_vars.o)
                              ../cronometro_bsp//libhal_bsp.a(alt_iic.o) (alt_irq_active)
../cronometro_bsp//libhal_bsp.a(alt_load.o)
                              ../cronometro_bsp//obj/HAL/src/crt0.o (alt_load)
../cronometro_bsp//libhal_bsp.a(alt_main.o)
                              ../cronometro_bsp//obj/HAL/src/crt0.o (alt_main)
../cronometro_bsp//libhal_bsp.a(alt_sys_init.o)
                              ../cronometro_bsp//libhal_bsp.a(alt_main.o) (alt_irq_init)
../cronometro_bsp//libhal_bsp.a(alt_dcache_flush_all.o)
                              ../cronometro_bsp//libhal_bsp.a(alt_load.o) (alt_dcache_flush_all)
../cronometro_bsp//libhal_bsp.a(alt_exception_entry.o)
                              ../cronometro_bsp//libhal_bsp.a(alt_irq_entry.o) (alt_exception)
../cronometro_bsp//libhal_bsp.a(alt_icache_flush_all.o)
                              ../cronometro_bsp//libhal_bsp.a(alt_load.o) (alt_icache_flush_all)
../cronometro_bsp//libhal_bsp.a(alt_instruction_exception_entry.o)
                              ../cronometro_bsp//libhal_bsp.a(alt_exception_entry.o) (alt_instruction_exception_entry)
../cronometro_bsp//libhal_bsp.a(altera_nios2_gen2_irq.o)
                              ../cronometro_bsp//libhal_bsp.a(alt_sys_init.o) (altera_nios2_gen2_irq_init)

Allocating common symbols
Common symbol       size              file

alt_irq             0x100             ../cronometro_bsp//libhal_bsp.a(alt_irq_handler.o)

Memory Configuration

Name             Origin             Length             Attributes
reset            0x0000000000000000 0x0000000000000020
ROM              0x0000000000000020 0x0000000000000fe0
RAM              0x0000000000010000 0x0000000000001000
*default*        0x0000000000000000 0xffffffffffffffff

Linker script and memory map

LOAD ../cronometro_bsp//obj/HAL/src/crt0.o
LOAD obj/default/hello_world_small.o
LOAD /home/hrlds/intelFPGA_lite/20.1/nios2eds/bin/gnu/H-x86_64-pc-linux-gnu/bin/../lib/gcc/nios2-elf/9.2.1/../../../../../H-x86_64-pc-linux-gnu/nios2-elf/lib/mno-hw-mul/libstdc++.a
LOAD /home/hrlds/intelFPGA_lite/20.1/nios2eds/bin/gnu/H-x86_64-pc-linux-gnu/bin/../lib/gcc/nios2-elf/9.2.1/../../../../../H-x86_64-pc-linux-gnu/nios2-elf/lib/mno-hw-mul/libm.a
LOAD /home/hrlds/intelFPGA_lite/20.1/nios2eds/bin/gnu/H-x86_64-pc-linux-gnu/bin/../lib/gcc/nios2-elf/9.2.1/mno-hw-mul/libgcc.a
START GROUP
LOAD /home/hrlds/intelFPGA_lite/20.1/nios2eds/bin/gnu/H-x86_64-pc-linux-gnu/bin/../lib/gcc/nios2-elf/9.2.1/../../../../../H-x86_64-pc-linux-gnu/nios2-elf/lib/mno-hw-mul/libsmallc.a
LOAD /home/hrlds/intelFPGA_lite/20.1/nios2eds/bin/gnu/H-x86_64-pc-linux-gnu/bin/../lib/gcc/nios2-elf/9.2.1/mno-hw-mul/libgcc.a
LOAD ../cronometro_bsp//libhal_bsp.a
LOAD /home/hrlds/intelFPGA_lite/20.1/nios2eds/bin/gnu/H-x86_64-pc-linux-gnu/bin/../lib/gcc/nios2-elf/9.2.1/../../../../../H-x86_64-pc-linux-gnu/nios2-elf/lib/mno-hw-mul/libm.a
END GROUP
LOAD /home/hrlds/intelFPGA_lite/20.1/nios2eds/bin/gnu/H-x86_64-pc-linux-gnu/bin/../lib/gcc/nios2-elf/9.2.1/mno-hw-mul/libgcc.a
                0x0000000000000000                __alt_mem_ROM = 0x0
                0x0000000000010000                __alt_mem_RAM = 0x10000

.entry          0x0000000000000000       0x20
 *(.entry)
 .entry         0x0000000000000000       0x20 ../cronometro_bsp//obj/HAL/src/crt0.o
                0x0000000000000000                __reset
                0x000000000000000c                _exit

.exceptions     0x0000000000000020      0x160
                0x0000000000000020                PROVIDE (__ram_exceptions_start = ABSOLUTE (.))
                0x0000000000000020                . = ALIGN (0x20)
 *(.irq)
 *(.exceptions.entry.label)
 .exceptions.entry.label
                0x0000000000000020        0x0 ../cronometro_bsp//libhal_bsp.a(alt_irq_entry.o)
                0x0000000000000020                alt_irq_entry
 .exceptions.entry.label
                0x0000000000000020        0x0 ../cronometro_bsp//libhal_bsp.a(alt_exception_entry.o)
                0x0000000000000020                alt_exception
 *(.exceptions.entry.user)
 *(.exceptions.entry.ecc_fatal)
 *(.exceptions.entry)
 .exceptions.entry
                0x0000000000000020       0x54 ../cronometro_bsp//libhal_bsp.a(alt_exception_entry.o)
 *(.exceptions.irqtest.user)
 *(.exceptions.irqtest)
 .exceptions.irqtest
                0x0000000000000074       0x10 ../cronometro_bsp//libhal_bsp.a(alt_irq_entry.o)
 *(.exceptions.irqhandler.user)
 *(.exceptions.irqhandler)
 .exceptions.irqhandler
                0x0000000000000084        0x4 ../cronometro_bsp//libhal_bsp.a(alt_irq_entry.o)
 *(.exceptions.irqreturn.user)
 *(.exceptions.irqreturn)
 .exceptions.irqreturn
                0x0000000000000088        0x4 ../cronometro_bsp//libhal_bsp.a(alt_irq_entry.o)
 *(.exceptions.notirq.label)
 .exceptions.notirq.label
                0x000000000000008c        0x0 ../cronometro_bsp//libhal_bsp.a(alt_irq_entry.o)
 *(.exceptions.notirq.user)
 *(.exceptions.notirq)
 .exceptions.notirq
                0x000000000000008c        0x8 ../cronometro_bsp//libhal_bsp.a(alt_exception_entry.o)
 *(.exceptions.soft.user)
 *(.exceptions.soft)
 *(.exceptions.unknown.user)
 *(.exceptions.unknown)
 .exceptions.unknown
                0x0000000000000094       0x14 ../cronometro_bsp//libhal_bsp.a(alt_exception_entry.o)
 *(.exceptions.exit.label)
 .exceptions.exit.label
                0x00000000000000a8        0x0 ../cronometro_bsp//libhal_bsp.a(alt_irq_entry.o)
 .exceptions.exit.label
                0x00000000000000a8        0x0 ../cronometro_bsp//libhal_bsp.a(alt_exception_entry.o)
 *(.exceptions.exit.user)
 *(.exceptions.exit)
 .exceptions.exit
                0x00000000000000a8       0x54 ../cronometro_bsp//libhal_bsp.a(alt_exception_entry.o)
 *(.exceptions)
 .exceptions    0x00000000000000fc       0x60 ../cronometro_bsp//libhal_bsp.a(alt_irq_handler.o)
                0x00000000000000fc                alt_irq_handler
 .exceptions    0x000000000000015c       0x24 ../cronometro_bsp//libhal_bsp.a(alt_instruction_exception_entry.o)
                0x000000000000015c                alt_instruction_exception_entry
                0x0000000000000180                PROVIDE (__ram_exceptions_end = ABSOLUTE (.))
                0x0000000000000020                PROVIDE (__flash_exceptions_start = LOADADDR (.exceptions))

.text           0x0000000000000180      0x744
                [!provide]                        PROVIDE (stext = ABSOLUTE (.))
 *(.interp)
 *(.hash)
 *(.dynsym)
 *(.dynstr)
 *(.gnu.version)
 *(.gnu.version_d)
 *(.gnu.version_r)
 *(.rel.init)
 *(.rela.init)
 *(.rel.text .rel.text.* .rel.gnu.linkonce.t.*)
 *(.rela.text .rela.text.* .rela.gnu.linkonce.t.*)
 *(.rel.fini)
 *(.rela.fini)
 *(.rel.rodata .rel.rodata.* .rel.gnu.linkonce.r.*)
 *(.rela.rodata .rela.rodata.* .rela.gnu.linkonce.r.*)
 *(.rel.data .rel.data.* .rel.gnu.linkonce.d.*)
 *(.rela.data .rela.data.* .rela.gnu.linkonce.d.*)
 *(.rel.tdata .rel.tdata.* .rel.gnu.linkonce.td.*)
 *(.rela.tdata .rela.tdata.* .rela.gnu.linkonce.td.*)
 *(.rel.tbss .rel.tbss.* .rel.gnu.linkonce.tb.*)
 *(.rela.tbss .rela.tbss.* .rela.gnu.linkonce.tb.*)
 *(.rel.ctors)
 *(.rela.ctors)
 *(.rel.dtors)
 *(.rela.dtors)
 *(.rel.got)
 *(.rela.got)
 *(.rel.sdata .rel.sdata.* .rel.gnu.linkonce.s.*)
 *(.rela.sdata .rela.sdata.* .rela.gnu.linkonce.s.*)
 *(.rel.sbss .rel.sbss.* .rel.gnu.linkonce.sb.*)
 *(.rela.sbss .rela.sbss.* .rela.gnu.linkonce.sb.*)
 *(.rel.sdata2 .rel.sdata2.* .rel.gnu.linkonce.s2.*)
 *(.rela.sdata2 .rela.sdata2.* .rela.gnu.linkonce.s2.*)
 *(.rel.sbss2 .rel.sbss2.* .rel.gnu.linkonce.sb2.*)
 *(.rela.sbss2 .rela.sbss2.* .rela.gnu.linkonce.sb2.*)
 *(.rel.bss .rel.bss.* .rel.gnu.linkonce.b.*)
 *(.rela.bss .rela.bss.* .rela.gnu.linkonce.b.*)
 *(.rel.plt)
 *(.rela.plt)
 *(.rel.dyn)
 *(.init)
 *(.plt)
 *(.text .stub .text.* .gnu.linkonce.t.*)
 .text          0x0000000000000180       0x3c ../cronometro_bsp//obj/HAL/src/crt0.o
                0x0000000000000180                _start
 .text          0x00000000000001bc      0x204 obj/default/hello_world_small.o
 .text.startup  0x00000000000003c0       0xd8 obj/default/hello_world_small.o
                0x00000000000003c0                main
 .text          0x0000000000000498      0x1b4 /home/hrlds/intelFPGA_lite/20.1/nios2eds/bin/gnu/H-x86_64-pc-linux-gnu/bin/../lib/gcc/nios2-elf/9.2.1/mno-hw-mul/libgcc.a(lib2-divmod.o)
                0x0000000000000498                __divsi3
                0x0000000000000518                __modsi3
                0x000000000000058c                __udivsi3
                0x00000000000005f0                __umodsi3
 .text          0x000000000000064c       0x8c ../cronometro_bsp//libhal_bsp.a(alt_iic.o)
                0x000000000000064c                alt_ic_isr_register
                0x0000000000000650                alt_ic_irq_enable
                0x0000000000000688                alt_ic_irq_disable
                0x00000000000006c0                alt_ic_irq_enabled
 .text          0x00000000000006d8       0x68 ../cronometro_bsp//libhal_bsp.a(alt_iic_isr_register.o)
                0x00000000000006d8                alt_iic_isr_register
 .text          0x0000000000000740        0x0 ../cronometro_bsp//libhal_bsp.a(alt_irq_entry.o)
 .text          0x0000000000000740        0x0 ../cronometro_bsp//libhal_bsp.a(alt_irq_handler.o)
 .text          0x0000000000000740        0x0 ../cronometro_bsp//libhal_bsp.a(alt_irq_vars.o)
 .text          0x0000000000000740       0xb4 ../cronometro_bsp//libhal_bsp.a(alt_load.o)
                0x0000000000000740                alt_load
 .text          0x00000000000007f4       0x2c ../cronometro_bsp//libhal_bsp.a(alt_main.o)
                0x00000000000007f4                alt_main
 .text          0x0000000000000820       0x24 ../cronometro_bsp//libhal_bsp.a(alt_sys_init.o)
                0x0000000000000820                alt_irq_init
                0x0000000000000840                alt_sys_init
 .text          0x0000000000000844        0x4 ../cronometro_bsp//libhal_bsp.a(alt_dcache_flush_all.o)
                0x0000000000000844                alt_dcache_flush_all
 .text          0x0000000000000848        0x0 ../cronometro_bsp//libhal_bsp.a(alt_exception_entry.o)
 .text          0x0000000000000848        0x4 ../cronometro_bsp//libhal_bsp.a(alt_icache_flush_all.o)
                0x0000000000000848                alt_icache_flush_all
 .text          0x000000000000084c       0x70 ../cronometro_bsp//libhal_bsp.a(alt_instruction_exception_entry.o)
                0x000000000000084c                alt_exception_cause_generated_bad_addr
 .text          0x00000000000008bc        0x8 ../cronometro_bsp//libhal_bsp.a(altera_nios2_gen2_irq.o)
                0x00000000000008bc                altera_nios2_gen2_irq_init
 *(.gnu.warning.*)
 *(.fini)
                [!provide]                        PROVIDE (__etext = ABSOLUTE (.))
                [!provide]                        PROVIDE (_etext = ABSOLUTE (.))
                [!provide]                        PROVIDE (etext = ABSOLUTE (.))
 *(.eh_frame_hdr)
                0x00000000000008c4                . = ALIGN (0x4)
                [!provide]                        PROVIDE (__preinit_array_start = ABSOLUTE (.))
 *(.preinit_array)
                [!provide]                        PROVIDE (__preinit_array_end = ABSOLUTE (.))
                [!provide]                        PROVIDE (__init_array_start = ABSOLUTE (.))
 *(.init_array)
                [!provide]                        PROVIDE (__init_array_end = ABSOLUTE (.))
                [!provide]                        PROVIDE (__fini_array_start = ABSOLUTE (.))
 *(.fini_array)
                [!provide]                        PROVIDE (__fini_array_end = ABSOLUTE (.))
 *(.eh_frame)
 *(.gcc_except_table .gcc_except_table.*)
 *(.dynamic)
                [!provide]                        PROVIDE (__CTOR_LIST__ = ABSOLUTE (.))
 *(.ctors)
 *(SORT_BY_NAME(.ctors.*))
                [!provide]                        PROVIDE (__CTOR_END__ = ABSOLUTE (.))
                [!provide]                        PROVIDE (__DTOR_LIST__ = ABSOLUTE (.))
 *(.dtors)
 *(SORT_BY_NAME(.dtors.*))
                [!provide]                        PROVIDE (__DTOR_END__ = ABSOLUTE (.))
 *(.jcr)
                0x00000000000008c4                . = ALIGN (0x4)

.rodata         0x0000000000010000        0xc load address 0x00000000000008c4
                0x0000000000010000                PROVIDE (__ram_rodata_start = ABSOLUTE (.))
                0x0000000000010000                . = ALIGN (0x4)
 *(.rodata .rodata.* .gnu.linkonce.r.*)
 .rodata        0x0000000000010000        0x9 obj/default/hello_world_small.o
 *(.rodata1)
                0x000000000001000c                . = ALIGN (0x4)
 *fill*         0x0000000000010009        0x3 
                0x000000000001000c                PROVIDE (__ram_rodata_end = ABSOLUTE (.))
                0x00000000000008c4                PROVIDE (__flash_rodata_start = LOADADDR (.rodata))

.rwdata         0x000000000001000c        0x4 load address 0x00000000000008d0
                0x000000000001000c                PROVIDE (__ram_rwdata_start = ABSOLUTE (.))
                0x000000000001000c                . = ALIGN (0x4)
 *(.got.plt)
 *(.got)
 *(.data1)
 *(.data .data.* .gnu.linkonce.d.*)
 .data          0x000000000001000c        0x0 ../cronometro_bsp//obj/HAL/src/crt0.o
 .data          0x000000000001000c        0x0 obj/default/hello_world_small.o
 .data          0x000000000001000c        0x0 /home/hrlds/intelFPGA_lite/20.1/nios2eds/bin/gnu/H-x86_64-pc-linux-gnu/bin/../lib/gcc/nios2-elf/9.2.1/mno-hw-mul/libgcc.a(lib2-divmod.o)
 .data          0x000000000001000c        0x0 ../cronometro_bsp//libhal_bsp.a(alt_iic.o)
 .data          0x000000000001000c        0x0 ../cronometro_bsp//libhal_bsp.a(alt_iic_isr_register.o)
 .data          0x000000000001000c        0x0 ../cronometro_bsp//libhal_bsp.a(alt_irq_entry.o)
 .data          0x000000000001000c        0x0 ../cronometro_bsp//libhal_bsp.a(alt_irq_handler.o)
 .data          0x000000000001000c        0x0 ../cronometro_bsp//libhal_bsp.a(alt_irq_vars.o)
 .data          0x000000000001000c        0x0 ../cronometro_bsp//libhal_bsp.a(alt_load.o)
 .data          0x000000000001000c        0x0 ../cronometro_bsp//libhal_bsp.a(alt_main.o)
 .data          0x000000000001000c        0x0 ../cronometro_bsp//libhal_bsp.a(alt_sys_init.o)
 .data          0x000000000001000c        0x0 ../cronometro_bsp//libhal_bsp.a(alt_dcache_flush_all.o)
 .data          0x000000000001000c        0x0 ../cronometro_bsp//libhal_bsp.a(alt_exception_entry.o)
 .data          0x000000000001000c        0x0 ../cronometro_bsp//libhal_bsp.a(alt_icache_flush_all.o)
 .data          0x000000000001000c        0x0 ../cronometro_bsp//libhal_bsp.a(alt_instruction_exception_entry.o)
 .data          0x000000000001000c        0x0 ../cronometro_bsp//libhal_bsp.a(altera_nios2_gen2_irq.o)
                0x000000000001800c                _gp = ABSOLUTE ((. + 0x8000))
                [!provide]                        PROVIDE (gp = _gp)
 *(.rwdata .rwdata.*)
 *(.sdata .sdata.* .gnu.linkonce.s.*)
 .sdata         0x000000000001000c        0x4 ../cronometro_bsp//libhal_bsp.a(alt_irq_vars.o)
                0x000000000001000c                alt_priority_mask
 *(.sdata2 .sdata2.* .gnu.linkonce.s2.*)
                0x0000000000010010                . = ALIGN (0x4)
                0x0000000000010010                _edata = ABSOLUTE (.)
                [!provide]                        PROVIDE (edata = ABSOLUTE (.))
                0x0000000000010010                PROVIDE (__ram_rwdata_end = ABSOLUTE (.))
                0x00000000000008d0                PROVIDE (__flash_rwdata_start = LOADADDR (.rwdata))

.bss            0x0000000000010010      0x120 load address 0x00000000000008d4
                0x0000000000010010                __bss_start = ABSOLUTE (.)
                [!provide]                        PROVIDE (__sbss_start = ABSOLUTE (.))
                [!provide]                        PROVIDE (___sbss_start = ABSOLUTE (.))
 *(.dynsbss)
 *(.sbss .sbss.* .gnu.linkonce.sb.*)
 .sbss          0x0000000000010010        0xc obj/default/hello_world_small.o
 .sbss          0x000000000001001c        0x4 ../cronometro_bsp//libhal_bsp.a(alt_irq_vars.o)
                0x000000000001001c                alt_irq_active
 .sbss          0x0000000000010020        0xc ../cronometro_bsp//libhal_bsp.a(alt_main.o)
                0x0000000000010020                alt_envp
                0x0000000000010024                alt_argv
                0x0000000000010028                alt_argc
 .sbss          0x000000000001002c        0x4 ../cronometro_bsp//libhal_bsp.a(alt_instruction_exception_entry.o)
                0x000000000001002c                alt_instruction_exception_handler
 *(.sbss2 .sbss2.* .gnu.linkonce.sb2.*)
 *(.scommon)
                [!provide]                        PROVIDE (__sbss_end = ABSOLUTE (.))
                [!provide]                        PROVIDE (___sbss_end = ABSOLUTE (.))
 *(.dynbss)
 *(.bss .bss.* .gnu.linkonce.b.*)
 .bss           0x0000000000010030        0x0 ../cronometro_bsp//obj/HAL/src/crt0.o
 .bss           0x0000000000010030        0x0 obj/default/hello_world_small.o
 .bss           0x0000000000010030        0x0 /home/hrlds/intelFPGA_lite/20.1/nios2eds/bin/gnu/H-x86_64-pc-linux-gnu/bin/../lib/gcc/nios2-elf/9.2.1/mno-hw-mul/libgcc.a(lib2-divmod.o)
 .bss           0x0000000000010030        0x0 ../cronometro_bsp//libhal_bsp.a(alt_iic.o)
 .bss           0x0000000000010030        0x0 ../cronometro_bsp//libhal_bsp.a(alt_iic_isr_register.o)
 .bss           0x0000000000010030        0x0 ../cronometro_bsp//libhal_bsp.a(alt_irq_entry.o)
 .bss           0x0000000000010030        0x0 ../cronometro_bsp//libhal_bsp.a(alt_irq_handler.o)
 .bss           0x0000000000010030        0x0 ../cronometro_bsp//libhal_bsp.a(alt_irq_vars.o)
 .bss           0x0000000000010030        0x0 ../cronometro_bsp//libhal_bsp.a(alt_load.o)
 .bss           0x0000000000010030        0x0 ../cronometro_bsp//libhal_bsp.a(alt_main.o)
 .bss           0x0000000000010030        0x0 ../cronometro_bsp//libhal_bsp.a(alt_sys_init.o)
 .bss           0x0000000000010030        0x0 ../cronometro_bsp//libhal_bsp.a(alt_dcache_flush_all.o)
 .bss           0x0000000000010030        0x0 ../cronometro_bsp//libhal_bsp.a(alt_exception_entry.o)
 .bss           0x0000000000010030        0x0 ../cronometro_bsp//libhal_bsp.a(alt_icache_flush_all.o)
 .bss           0x0000000000010030        0x0 ../cronometro_bsp//libhal_bsp.a(alt_instruction_exception_entry.o)
 .bss           0x0000000000010030        0x0 ../cronometro_bsp//libhal_bsp.a(altera_nios2_gen2_irq.o)
 *(COMMON)
 COMMON         0x0000000000010030      0x100 ../cronometro_bsp//libhal_bsp.a(alt_irq_handler.o)
                0x0000000000010030                alt_irq
                0x0000000000010130                . = ALIGN (0x4)
                0x0000000000010130                __bss_end = ABSOLUTE (.)

.ROM            0x00000000000008d4        0x0
                [!provide]                        PROVIDE (_alt_partition_ROM_start = ABSOLUTE (.))
 *(.ROM .ROM. ROM.*)
                0x00000000000008d4                . = ALIGN (0x4)
                [!provide]                        PROVIDE (_alt_partition_ROM_end = ABSOLUTE (.))
                [!provide]                        PROVIDE (_alt_partition_ROM_load_addr = LOADADDR (.ROM))

.RAM            0x0000000000010130        0x0 load address 0x00000000000008d4
                [!provide]                        PROVIDE (_alt_partition_RAM_start = ABSOLUTE (.))
 *(.RAM .RAM. RAM.*)
                0x0000000000010130                . = ALIGN (0x4)
                [!provide]                        PROVIDE (_alt_partition_RAM_end = ABSOLUTE (.))
                0x0000000000010130                _end = ABSOLUTE (.)
                0x0000000000010130                end = ABSOLUTE (.)
                0x0000000000010130                __alt_stack_base = ABSOLUTE (.)
                [!provide]                        PROVIDE (_alt_partition_RAM_load_addr = LOADADDR (.RAM))

.stab
 *(.stab)

.stabstr
 *(.stabstr)

.stab.excl
 *(.stab.excl)

.stab.exclstr
 *(.stab.exclstr)

.stab.index
 *(.stab.index)

.stab.indexstr
 *(.stab.indexstr)

.comment        0x0000000000000000       0x2c
 *(.comment)
 .comment       0x0000000000000000       0x2c obj/default/hello_world_small.o
                                         0x2d (size before relaxing)
 .comment       0x000000000000002c       0x2d /home/hrlds/intelFPGA_lite/20.1/nios2eds/bin/gnu/H-x86_64-pc-linux-gnu/bin/../lib/gcc/nios2-elf/9.2.1/mno-hw-mul/libgcc.a(lib2-divmod.o)
 .comment       0x000000000000002c       0x2d ../cronometro_bsp//libhal_bsp.a(alt_iic.o)
 .comment       0x000000000000002c       0x2d ../cronometro_bsp//libhal_bsp.a(alt_iic_isr_register.o)
 .comment       0x000000000000002c       0x2d ../cronometro_bsp//libhal_bsp.a(alt_irq_handler.o)
 .comment       0x000000000000002c       0x2d ../cronometro_bsp//libhal_bsp.a(alt_irq_vars.o)
 .comment       0x000000000000002c       0x2d ../cronometro_bsp//libhal_bsp.a(alt_load.o)
 .comment       0x000000000000002c       0x2d ../cronometro_bsp//libhal_bsp.a(alt_main.o)
 .comment       0x000000000000002c       0x2d ../cronometro_bsp//libhal_bsp.a(alt_sys_init.o)
 .comment       0x000000000000002c       0x2d ../cronometro_bsp//libhal_bsp.a(alt_dcache_flush_all.o)
 .comment       0x000000000000002c       0x2d ../cronometro_bsp//libhal_bsp.a(alt_icache_flush_all.o)
 .comment       0x000000000000002c       0x2d ../cronometro_bsp//libhal_bsp.a(alt_instruction_exception_entry.o)
 .comment       0x000000000000002c       0x2d ../cronometro_bsp//libhal_bsp.a(altera_nios2_gen2_irq.o)

.debug
 *(.debug)

.line
 *(.line)

.debug_srcinfo
 *(.debug_srcinfo)

.debug_sfnames
 *(.debug_sfnames)

.debug_aranges  0x0000000000000000      0x238
 *(.debug_aranges)
 .debug_aranges
                0x0000000000000000       0x28 ../cronometro_bsp//obj/HAL/src/crt0.o
 .debug_aranges
                0x0000000000000028       0x28 obj/default/hello_world_small.o
 .debug_aranges
                0x0000000000000050       0x20 /home/hrlds/intelFPGA_lite/20.1/nios2eds/bin/gnu/H-x86_64-pc-linux-gnu/bin/../lib/gcc/nios2-elf/9.2.1/mno-hw-mul/libgcc.a(lib2-divmod.o)
 .debug_aranges
                0x0000000000000070       0x20 ../cronometro_bsp//libhal_bsp.a(alt_iic.o)
 .debug_aranges
                0x0000000000000090       0x20 ../cronometro_bsp//libhal_bsp.a(alt_iic_isr_register.o)
 .debug_aranges
                0x00000000000000b0       0x30 ../cronometro_bsp//libhal_bsp.a(alt_irq_entry.o)
 .debug_aranges
                0x00000000000000e0       0x20 ../cronometro_bsp//libhal_bsp.a(alt_irq_handler.o)
 .debug_aranges
                0x0000000000000100       0x18 ../cronometro_bsp//libhal_bsp.a(alt_irq_vars.o)
 .debug_aranges
                0x0000000000000118       0x20 ../cronometro_bsp//libhal_bsp.a(alt_load.o)
 .debug_aranges
                0x0000000000000138       0x20 ../cronometro_bsp//libhal_bsp.a(alt_main.o)
 .debug_aranges
                0x0000000000000158       0x20 ../cronometro_bsp//libhal_bsp.a(alt_sys_init.o)
 .debug_aranges
                0x0000000000000178       0x20 ../cronometro_bsp//libhal_bsp.a(alt_dcache_flush_all.o)
 .debug_aranges
                0x0000000000000198       0x38 ../cronometro_bsp//libhal_bsp.a(alt_exception_entry.o)
 .debug_aranges
                0x00000000000001d0       0x20 ../cronometro_bsp//libhal_bsp.a(alt_icache_flush_all.o)
 .debug_aranges
                0x00000000000001f0       0x28 ../cronometro_bsp//libhal_bsp.a(alt_instruction_exception_entry.o)
 .debug_aranges
                0x0000000000000218       0x20 ../cronometro_bsp//libhal_bsp.a(altera_nios2_gen2_irq.o)

.debug_pubnames
 *(.debug_pubnames)

.debug_info     0x0000000000000000     0x73d9
 *(.debug_info .gnu.linkonce.wi.*)
 .debug_info    0x0000000000000000       0x22 ../cronometro_bsp//obj/HAL/src/crt0.o
 .debug_info    0x0000000000000022      0xbf0 obj/default/hello_world_small.o
 .debug_info    0x0000000000000c12      0x368 /home/hrlds/intelFPGA_lite/20.1/nios2eds/bin/gnu/H-x86_64-pc-linux-gnu/bin/../lib/gcc/nios2-elf/9.2.1/mno-hw-mul/libgcc.a(lib2-divmod.o)
 .debug_info    0x0000000000000f7a      0xca2 ../cronometro_bsp//libhal_bsp.a(alt_iic.o)
 .debug_info    0x0000000000001c1c      0xb3a ../cronometro_bsp//libhal_bsp.a(alt_iic_isr_register.o)
 .debug_info    0x0000000000002756       0x22 ../cronometro_bsp//libhal_bsp.a(alt_irq_entry.o)
 .debug_info    0x0000000000002778      0xa61 ../cronometro_bsp//libhal_bsp.a(alt_irq_handler.o)
 .debug_info    0x00000000000031d9       0x8b ../cronometro_bsp//libhal_bsp.a(alt_irq_vars.o)
 .debug_info    0x0000000000003264      0xaed ../cronometro_bsp//libhal_bsp.a(alt_load.o)
 .debug_info    0x0000000000003d51      0xeb0 ../cronometro_bsp//libhal_bsp.a(alt_main.o)
 .debug_info    0x0000000000004c01      0x9ea ../cronometro_bsp//libhal_bsp.a(alt_sys_init.o)
 .debug_info    0x00000000000055eb      0x934 ../cronometro_bsp//libhal_bsp.a(alt_dcache_flush_all.o)
 .debug_info    0x0000000000005f1f       0x22 ../cronometro_bsp//libhal_bsp.a(alt_exception_entry.o)
 .debug_info    0x0000000000005f41      0x934 ../cronometro_bsp//libhal_bsp.a(alt_icache_flush_all.o)
 .debug_info    0x0000000000006875      0x20f ../cronometro_bsp//libhal_bsp.a(alt_instruction_exception_entry.o)
 .debug_info    0x0000000000006a84      0x955 ../cronometro_bsp//libhal_bsp.a(altera_nios2_gen2_irq.o)

.debug_abbrev   0x0000000000000000     0x1adf
 *(.debug_abbrev)
 .debug_abbrev  0x0000000000000000       0x12 ../cronometro_bsp//obj/HAL/src/crt0.o
 .debug_abbrev  0x0000000000000012      0x2da obj/default/hello_world_small.o
 .debug_abbrev  0x00000000000002ec      0x103 /home/hrlds/intelFPGA_lite/20.1/nios2eds/bin/gnu/H-x86_64-pc-linux-gnu/bin/../lib/gcc/nios2-elf/9.2.1/mno-hw-mul/libgcc.a(lib2-divmod.o)
 .debug_abbrev  0x00000000000003ef      0x31f ../cronometro_bsp//libhal_bsp.a(alt_iic.o)
 .debug_abbrev  0x000000000000070e      0x303 ../cronometro_bsp//libhal_bsp.a(alt_iic_isr_register.o)
 .debug_abbrev  0x0000000000000a11       0x12 ../cronometro_bsp//libhal_bsp.a(alt_irq_entry.o)
 .debug_abbrev  0x0000000000000a23      0x283 ../cronometro_bsp//libhal_bsp.a(alt_irq_handler.o)
 .debug_abbrev  0x0000000000000ca6       0x44 ../cronometro_bsp//libhal_bsp.a(alt_irq_vars.o)
 .debug_abbrev  0x0000000000000cea      0x277 ../cronometro_bsp//libhal_bsp.a(alt_load.o)
 .debug_abbrev  0x0000000000000f61      0x252 ../cronometro_bsp//libhal_bsp.a(alt_main.o)
 .debug_abbrev  0x00000000000011b3      0x25f ../cronometro_bsp//libhal_bsp.a(alt_sys_init.o)
 .debug_abbrev  0x0000000000001412      0x1e0 ../cronometro_bsp//libhal_bsp.a(alt_dcache_flush_all.o)
 .debug_abbrev  0x00000000000015f2       0x12 ../cronometro_bsp//libhal_bsp.a(alt_exception_entry.o)
 .debug_abbrev  0x0000000000001604      0x1e0 ../cronometro_bsp//libhal_bsp.a(alt_icache_flush_all.o)
 .debug_abbrev  0x00000000000017e4      0x116 ../cronometro_bsp//libhal_bsp.a(alt_instruction_exception_entry.o)
 .debug_abbrev  0x00000000000018fa      0x1e5 ../cronometro_bsp//libhal_bsp.a(altera_nios2_gen2_irq.o)

.debug_line     0x0000000000000000     0x1cbe
 *(.debug_line)
 .debug_line    0x0000000000000000       0x66 ../cronometro_bsp//obj/HAL/src/crt0.o
 .debug_line    0x0000000000000066      0x3a0 obj/default/hello_world_small.o
 .debug_line    0x0000000000000406      0x2f9 /home/hrlds/intelFPGA_lite/20.1/nios2eds/bin/gnu/H-x86_64-pc-linux-gnu/bin/../lib/gcc/nios2-elf/9.2.1/mno-hw-mul/libgcc.a(lib2-divmod.o)
 .debug_line    0x00000000000006ff      0x297 ../cronometro_bsp//libhal_bsp.a(alt_iic.o)
 .debug_line    0x0000000000000996      0x251 ../cronometro_bsp//libhal_bsp.a(alt_iic_isr_register.o)
 .debug_line    0x0000000000000be7       0x6b ../cronometro_bsp//libhal_bsp.a(alt_irq_entry.o)
 .debug_line    0x0000000000000c52      0x21f ../cronometro_bsp//libhal_bsp.a(alt_irq_handler.o)
 .debug_line    0x0000000000000e71       0x50 ../cronometro_bsp//libhal_bsp.a(alt_irq_vars.o)
 .debug_line    0x0000000000000ec1      0x285 ../cronometro_bsp//libhal_bsp.a(alt_load.o)
 .debug_line    0x0000000000001146      0x341 ../cronometro_bsp//libhal_bsp.a(alt_main.o)
 .debug_line    0x0000000000001487      0x1f0 ../cronometro_bsp//libhal_bsp.a(alt_sys_init.o)
 .debug_line    0x0000000000001677      0x1a9 ../cronometro_bsp//libhal_bsp.a(alt_dcache_flush_all.o)
 .debug_line    0x0000000000001820       0xb3 ../cronometro_bsp//libhal_bsp.a(alt_exception_entry.o)
 .debug_line    0x00000000000018d3      0x1a7 ../cronometro_bsp//libhal_bsp.a(alt_icache_flush_all.o)
 .debug_line    0x0000000000001a7a       0xee ../cronometro_bsp//libhal_bsp.a(alt_instruction_exception_entry.o)
 .debug_line    0x0000000000001b68      0x156 ../cronometro_bsp//libhal_bsp.a(altera_nios2_gen2_irq.o)

.debug_frame    0x0000000000000000      0x2c8
 *(.debug_frame)
 .debug_frame   0x0000000000000000       0x94 obj/default/hello_world_small.o
 .debug_frame   0x0000000000000094       0x50 /home/hrlds/intelFPGA_lite/20.1/nios2eds/bin/gnu/H-x86_64-pc-linux-gnu/bin/../lib/gcc/nios2-elf/9.2.1/mno-hw-mul/libgcc.a(lib2-divmod.o)
 .debug_frame   0x00000000000000e4       0x50 ../cronometro_bsp//libhal_bsp.a(alt_iic.o)
 .debug_frame   0x0000000000000134       0x38 ../cronometro_bsp//libhal_bsp.a(alt_iic_isr_register.o)
 .debug_frame   0x000000000000016c       0x34 ../cronometro_bsp//libhal_bsp.a(alt_irq_handler.o)
 .debug_frame   0x00000000000001a0       0x30 ../cronometro_bsp//libhal_bsp.a(alt_load.o)
 .debug_frame   0x00000000000001d0       0x2c ../cronometro_bsp//libhal_bsp.a(alt_main.o)
 .debug_frame   0x00000000000001fc       0x3c ../cronometro_bsp//libhal_bsp.a(alt_sys_init.o)
 .debug_frame   0x0000000000000238       0x20 ../cronometro_bsp//libhal_bsp.a(alt_dcache_flush_all.o)
 .debug_frame   0x0000000000000258       0x20 ../cronometro_bsp//libhal_bsp.a(alt_icache_flush_all.o)
 .debug_frame   0x0000000000000278       0x30 ../cronometro_bsp//libhal_bsp.a(alt_instruction_exception_entry.o)
 .debug_frame   0x00000000000002a8       0x20 ../cronometro_bsp//libhal_bsp.a(altera_nios2_gen2_irq.o)

.debug_str      0x0000000000000000     0x11f1
 *(.debug_str)
 .debug_str     0x0000000000000000       0x55 ../cronometro_bsp//obj/HAL/src/crt0.o
 .debug_str     0x0000000000000055      0x574 obj/default/hello_world_small.o
                                        0x60a (size before relaxing)
 .debug_str     0x00000000000005c9      0x194 /home/hrlds/intelFPGA_lite/20.1/nios2eds/bin/gnu/H-x86_64-pc-linux-gnu/bin/../lib/gcc/nios2-elf/9.2.1/mno-hw-mul/libgcc.a(lib2-divmod.o)
                                        0x1df (size before relaxing)
 .debug_str     0x000000000000075d       0xf2 ../cronometro_bsp//libhal_bsp.a(alt_iic.o)
                                        0x634 (size before relaxing)
 .debug_str     0x000000000000084f       0x37 ../cronometro_bsp//libhal_bsp.a(alt_iic_isr_register.o)
                                        0x600 (size before relaxing)
 .debug_str     0x0000000000000886       0x18 ../cronometro_bsp//libhal_bsp.a(alt_irq_entry.o)
                                         0x5e (size before relaxing)
 .debug_str     0x000000000000089e       0x3a ../cronometro_bsp//libhal_bsp.a(alt_irq_handler.o)
                                        0x58a (size before relaxing)
 .debug_str     0x00000000000008d8       0x29 ../cronometro_bsp//libhal_bsp.a(alt_irq_vars.o)
                                        0x140 (size before relaxing)
 .debug_str     0x0000000000000901      0x11d ../cronometro_bsp//libhal_bsp.a(alt_load.o)
                                        0x622 (size before relaxing)
 .debug_str     0x0000000000000a1e      0x23d ../cronometro_bsp//libhal_bsp.a(alt_main.o)
                                        0x7d4 (size before relaxing)
 .debug_str     0x0000000000000c5b       0x8f ../cronometro_bsp//libhal_bsp.a(alt_sys_init.o)
                                        0x5ca (size before relaxing)
 .debug_str     0x0000000000000cea       0x1f ../cronometro_bsp//libhal_bsp.a(alt_dcache_flush_all.o)
                                        0x53b (size before relaxing)
 .debug_str     0x0000000000000d09       0x1e ../cronometro_bsp//libhal_bsp.a(alt_exception_entry.o)
                                         0x64 (size before relaxing)
 .debug_str     0x0000000000000d27       0x1f ../cronometro_bsp//libhal_bsp.a(alt_icache_flush_all.o)
                                        0x53b (size before relaxing)
 .debug_str     0x0000000000000d46      0x48b ../cronometro_bsp//libhal_bsp.a(alt_instruction_exception_entry.o)
                                        0x5a6 (size before relaxing)
 .debug_str     0x00000000000011d1       0x20 ../cronometro_bsp//libhal_bsp.a(altera_nios2_gen2_irq.o)
                                        0x54f (size before relaxing)

.debug_loc      0x0000000000000000      0xf41
 *(.debug_loc)
 .debug_loc     0x0000000000000000      0x386 obj/default/hello_world_small.o
 .debug_loc     0x0000000000000386      0x5d0 /home/hrlds/intelFPGA_lite/20.1/nios2eds/bin/gnu/H-x86_64-pc-linux-gnu/bin/../lib/gcc/nios2-elf/9.2.1/mno-hw-mul/libgcc.a(lib2-divmod.o)
 .debug_loc     0x0000000000000956      0x205 ../cronometro_bsp//libhal_bsp.a(alt_iic.o)
 .debug_loc     0x0000000000000b5b      0x23c ../cronometro_bsp//libhal_bsp.a(alt_iic_isr_register.o)
 .debug_loc     0x0000000000000d97       0xac ../cronometro_bsp//libhal_bsp.a(alt_irq_handler.o)
 .debug_loc     0x0000000000000e43       0x66 ../cronometro_bsp//libhal_bsp.a(alt_load.o)
 .debug_loc     0x0000000000000ea9       0x25 ../cronometro_bsp//libhal_bsp.a(alt_sys_init.o)
 .debug_loc     0x0000000000000ece       0x73 ../cronometro_bsp//libhal_bsp.a(alt_instruction_exception_entry.o)

.debug_macinfo
 *(.debug_macinfo)

.debug_weaknames
 *(.debug_weaknames)

.debug_funcnames
 *(.debug_funcnames)

.debug_typenames
 *(.debug_typenames)

.debug_varnames
 *(.debug_varnames)

.debug_alt_sim_info
                0x0000000000000000       0x10
 *(.debug_alt_sim_info)
 .debug_alt_sim_info
                0x0000000000000000       0x10 ../cronometro_bsp//obj/HAL/src/crt0.o
                0x0000000000011000                __alt_data_end = 0x11000
                0x0000000000011000                PROVIDE (__alt_stack_pointer = __alt_data_end)
                [!provide]                        PROVIDE (__alt_stack_limit = __alt_stack_base)
                [!provide]                        PROVIDE (__alt_heap_start = end)
                [!provide]                        PROVIDE (__alt_heap_limit = 0x11000)
OUTPUT(cronometro.elf elf32-littlenios2)

.debug_ranges   0x0000000000000000      0x1f8
 .debug_ranges  0x0000000000000000       0x20 ../cronometro_bsp//obj/HAL/src/crt0.o
 .debug_ranges  0x0000000000000020       0x18 obj/default/hello_world_small.o
 .debug_ranges  0x0000000000000038       0x70 /home/hrlds/intelFPGA_lite/20.1/nios2eds/bin/gnu/H-x86_64-pc-linux-gnu/bin/../lib/gcc/nios2-elf/9.2.1/mno-hw-mul/libgcc.a(lib2-divmod.o)
 .debug_ranges  0x00000000000000a8       0x18 ../cronometro_bsp//libhal_bsp.a(alt_iic_isr_register.o)
 .debug_ranges  0x00000000000000c0       0x28 ../cronometro_bsp//libhal_bsp.a(alt_irq_entry.o)
 .debug_ranges  0x00000000000000e8       0x28 ../cronometro_bsp//libhal_bsp.a(alt_irq_handler.o)
 .debug_ranges  0x0000000000000110       0xa0 ../cronometro_bsp//libhal_bsp.a(alt_load.o)
 .debug_ranges  0x00000000000001b0       0x30 ../cronometro_bsp//libhal_bsp.a(alt_exception_entry.o)
 .debug_ranges  0x00000000000001e0       0x18 ../cronometro_bsp//libhal_bsp.a(alt_instruction_exception_entry.o)
