Archive member included to satisfy reference by file (symbol)

/home/hrlds/intelFPGA_lite/20.1/nios2eds/bin/gnu/H-x86_64-pc-linux-gnu/bin/../lib/gcc/nios2-elf/9.2.1/mno-hw-mul/libgcc.a(lib2-divmod.o)
                              obj/default/hello_world_small.o (__divsi3)
../cronometro_bsp//libhal_bsp.a(alt_iic.o)
                              obj/default/hello_world_small.o (alt_ic_isr_register)
../cronometro_bsp//libhal_bsp.a(alt_iic_isr_register.o)
                              ../cronometro_bsp//libhal_bsp.a(alt_iic.o) (alt_iic_isr_register)
../cronometro_bsp//libhal_bsp.a(alt_irq_entry.o)
                              ../cronometro_bsp//libhal_bsp.a(alt_iic_isr_register.o) (alt_irq_entry)
../cronometro_bsp//libhal_bsp.a(alt_irq_handler.o)
                              ../cronometro_bsp//libhal_bsp.a(alt_iic_isr_register.o) (alt_irq_handler)
../cronometro_bsp//libhal_bsp.a(alt_irq_vars.o)
                              ../cronometro_bsp//libhal_bsp.a(alt_iic.o) (alt_irq_active)
../cronometro_bsp//libhal_bsp.a(alt_load.o)
                              ../cronometro_bsp//obj/HAL/src/crt0.o (alt_load)
../cronometro_bsp//libhal_bsp.a(alt_main.o)
                              ../cronometro_bsp//obj/HAL/src/crt0.o (alt_main)
../cronometro_bsp//libhal_bsp.a(alt_sys_init.o)
                              ../cronometro_bsp//libhal_bsp.a(alt_main.o) (alt_irq_init)
../cronometro_bsp//libhal_bsp.a(alt_dcache_flush_all.o)
                              ../cronometro_bsp//libhal_bsp.a(alt_load.o) (alt_dcache_flush_all)
../cronometro_bsp//libhal_bsp.a(alt_exception_entry.o)
                              ../cronometro_bsp//libhal_bsp.a(alt_irq_entry.o) (alt_exception)
../cronometro_bsp//libhal_bsp.a(alt_icache_flush_all.o)
                              ../cronometro_bsp//libhal_bsp.a(alt_load.o) (alt_icache_flush_all)
../cronometro_bsp//libhal_bsp.a(alt_instruction_exception_entry.o)
                              ../cronometro_bsp//libhal_bsp.a(alt_exception_entry.o) (alt_instruction_exception_entry)
../cronometro_bsp//libhal_bsp.a(altera_nios2_gen2_irq.o)
                              ../cronometro_bsp//libhal_bsp.a(alt_sys_init.o) (altera_nios2_gen2_irq_init)

Allocating common symbols
Common symbol       size              file

alt_irq             0x100             ../cronometro_bsp//libhal_bsp.a(alt_irq_handler.o)

Memory Configuration

Name             Origin             Length             Attributes
reset            0x0000000000000000 0x0000000000000020
ROM              0x0000000000000020 0x0000000000000fe0
RAM              0x0000000000010000 0x0000000000001000
*default*        0x0000000000000000 0xffffffffffffffff

Linker script and memory map

LOAD ../cronometro_bsp//obj/HAL/src/crt0.o
LOAD obj/default/hello_world_small.o
LOAD /home/hrlds/intelFPGA_lite/20.1/nios2eds/bin/gnu/H-x86_64-pc-linux-gnu/bin/../lib/gcc/nios2-elf/9.2.1/../../../../../H-x86_64-pc-linux-gnu/nios2-elf/lib/mno-hw-mul/libstdc++.a
LOAD /home/hrlds/intelFPGA_lite/20.1/nios2eds/bin/gnu/H-x86_64-pc-linux-gnu/bin/../lib/gcc/nios2-elf/9.2.1/../../../../../H-x86_64-pc-linux-gnu/nios2-elf/lib/mno-hw-mul/libm.a
LOAD /home/hrlds/intelFPGA_lite/20.1/nios2eds/bin/gnu/H-x86_64-pc-linux-gnu/bin/../lib/gcc/nios2-elf/9.2.1/mno-hw-mul/libgcc.a
START GROUP
LOAD /home/hrlds/intelFPGA_lite/20.1/nios2eds/bin/gnu/H-x86_64-pc-linux-gnu/bin/../lib/gcc/nios2-elf/9.2.1/../../../../../H-x86_64-pc-linux-gnu/nios2-elf/lib/mno-hw-mul/libsmallc.a
LOAD /home/hrlds/intelFPGA_lite/20.1/nios2eds/bin/gnu/H-x86_64-pc-linux-gnu/bin/../lib/gcc/nios2-elf/9.2.1/mno-hw-mul/libgcc.a
LOAD ../cronometro_bsp//libhal_bsp.a
LOAD /home/hrlds/intelFPGA_lite/20.1/nios2eds/bin/gnu/H-x86_64-pc-linux-gnu/bin/../lib/gcc/nios2-elf/9.2.1/../../../../../H-x86_64-pc-linux-gnu/nios2-elf/lib/mno-hw-mul/libm.a
END GROUP
LOAD /home/hrlds/intelFPGA_lite/20.1/nios2eds/bin/gnu/H-x86_64-pc-linux-gnu/bin/../lib/gcc/nios2-elf/9.2.1/mno-hw-mul/libgcc.a
                0x0000000000000000                __alt_mem_ROM = 0x0
                0x0000000000010000                __alt_mem_RAM = 0x10000

.entry          0x0000000000000000       0x20
 *(.entry)
 .entry         0x0000000000000000       0x20 ../cronometro_bsp//obj/HAL/src/crt0.o
                0x0000000000000000                __reset
                0x000000000000000c                _exit

.exceptions     0x0000000000000020      0x160
                0x0000000000000020                PROVIDE (__ram_exceptions_start = ABSOLUTE (.))
                0x0000000000000020                . = ALIGN (0x20)
 *(.irq)
 *(.exceptions.entry.label)
 .exceptions.entry.label
                0x0000000000000020        0x0 ../cronometro_bsp//libhal_bsp.a(alt_irq_entry.o)
                0x0000000000000020                alt_irq_entry
 .exceptions.entry.label
                0x0000000000000020        0x0 ../cronometro_bsp//libhal_bsp.a(alt_exception_entry.o)
                0x0000000000000020                alt_exception
 *(.exceptions.entry.user)
 *(.exceptions.entry.ecc_fatal)
 *(.exceptions.entry)
 .exceptions.entry
                0x0000000000000020       0x54 ../cronometro_bsp//libhal_bsp.a(alt_exception_entry.o)
 *(.exceptions.irqtest.user)
 *(.exceptions.irqtest)
 .exceptions.irqtest
                0x0000000000000074       0x10 ../cronometro_bsp//libhal_bsp.a(alt_irq_entry.o)
 *(.exceptions.irqhandler.user)
 *(.exceptions.irqhandler)
 .exceptions.irqhandler
                0x0000000000000084        0x4 ../cronometro_bsp//libhal_bsp.a(alt_irq_entry.o)
 *(.exceptions.irqreturn.user)
 *(.exceptions.irqreturn)
 .exceptions.irqreturn
                0x0000000000000088        0x4 ../cronometro_bsp//libhal_bsp.a(alt_irq_entry.o)
 *(.exceptions.notirq.label)
 .exceptions.notirq.label
                0x000000000000008c        0x0 ../cronometro_bsp//libhal_bsp.a(alt_irq_entry.o)
 *(.exceptions.notirq.user)
 *(.exceptions.notirq)
 .exceptions.notirq
                0x000000000000008c        0x8 ../cronometro_bsp//libhal_bsp.a(alt_exception_entry.o)
 *(.exceptions.soft.user)
 *(.exceptions.soft)
 *(.exceptions.unknown.user)
 *(.exceptions.unknown)
 .exceptions.unknown
                0x0000000000000094       0x14 ../cronometro_bsp//libhal_bsp.a(alt_exception_entry.o)
 *(.exceptions.exit.label)
 .exceptions.exit.label
                0x00000000000000a8        0x0 ../cronometro_bsp//libhal_bsp.a(alt_irq_entry.o)
 .exceptions.exit.label
                0x00000000000000a8        0x0 ../cronometro_bsp//libhal_bsp.a(alt_exception_entry.o)
 *(.exceptions.exit.user)
 *(.exceptions.exit)
 .exceptions.exit
                0x00000000000000a8       0x54 ../cronometro_bsp//libhal_bsp.a(alt_exception_entry.o)
 *(.exceptions)
 .exceptions    0x00000000000000fc       0x60 ../cronometro_bsp//libhal_bsp.a(alt_irq_handler.o)
                0x00000000000000fc                alt_irq_handler
 .exceptions    0x000000000000015c       0x24 ../cronometro_bsp//libhal_bsp.a(alt_instruction_exception_entry.o)
                0x000000000000015c                alt_instruction_exception_entry
                0x0000000000000180                PROVIDE (__ram_exceptions_end = ABSOLUTE (.))
                0x0000000000000020                PROVIDE (__flash_exceptions_start = LOADADDR (.exceptions))

.text           0x0000000000000180      0xabc
                [!provide]                        PROVIDE (stext = ABSOLUTE (.))
 *(.interp)
 *(.hash)
 *(.dynsym)
 *(.dynstr)
 *(.gnu.version)
 *(.gnu.version_d)
 *(.gnu.version_r)
 *(.rel.init)
 *(.rela.init)
 *(.rel.text .rel.text.* .rel.gnu.linkonce.t.*)
 *(.rela.text .rela.text.* .rela.gnu.linkonce.t.*)
 *(.rel.fini)
 *(.rela.fini)
 *(.rel.rodata .rel.rodata.* .rel.gnu.linkonce.r.*)
 *(.rela.rodata .rela.rodata.* .rela.gnu.linkonce.r.*)
 *(.rel.data .rel.data.* .rel.gnu.linkonce.d.*)
 *(.rela.data .rela.data.* .rela.gnu.linkonce.d.*)
 *(.rel.tdata .rel.tdata.* .rel.gnu.linkonce.td.*)
 *(.rela.tdata .rela.tdata.* .rela.gnu.linkonce.td.*)
 *(.rel.tbss .rel.tbss.* .rel.gnu.linkonce.tb.*)
 *(.rela.tbss .rela.tbss.* .rela.gnu.linkonce.tb.*)
 *(.rel.ctors)
 *(.rela.ctors)
 *(.rel.dtors)
 *(.rela.dtors)
 *(.rel.got)
 *(.rela.got)
 *(.rel.sdata .rel.sdata.* .rel.gnu.linkonce.s.*)
 *(.rela.sdata .rela.sdata.* .rela.gnu.linkonce.s.*)
 *(.rel.sbss .rel.sbss.* .rel.gnu.linkonce.sb.*)
 *(.rela.sbss .rela.sbss.* .rela.gnu.linkonce.sb.*)
 *(.rel.sdata2 .rel.sdata2.* .rel.gnu.linkonce.s2.*)
 *(.rela.sdata2 .rela.sdata2.* .rela.gnu.linkonce.s2.*)
 *(.rel.sbss2 .rel.sbss2.* .rel.gnu.linkonce.sb2.*)
 *(.rela.sbss2 .rela.sbss2.* .rela.gnu.linkonce.sb2.*)
 *(.rel.bss .rel.bss.* .rel.gnu.linkonce.b.*)
 *(.rela.bss .rela.bss.* .rela.gnu.linkonce.b.*)
 *(.rel.plt)
 *(.rela.plt)
 *(.rel.dyn)
 *(.init)
 *(.plt)
 *(.text .stub .text.* .gnu.linkonce.t.*)
 .text          0x0000000000000180       0x3c ../cronometro_bsp//obj/HAL/src/crt0.o
                0x0000000000000180                _start
 .text          0x00000000000001bc      0x510 obj/default/hello_world_small.o
 .text.startup  0x00000000000006cc      0x144 obj/default/hello_world_small.o
                0x00000000000006cc                main
 .text          0x0000000000000810      0x1b4 /home/hrlds/intelFPGA_lite/20.1/nios2eds/bin/gnu/H-x86_64-pc-linux-gnu/bin/../lib/gcc/nios2-elf/9.2.1/mno-hw-mul/libgcc.a(lib2-divmod.o)
                0x0000000000000810                __divsi3
                0x0000000000000890                __modsi3
                0x0000000000000904                __udivsi3
                0x0000000000000968                __umodsi3
 .text          0x00000000000009c4       0x8c ../cronometro_bsp//libhal_bsp.a(alt_iic.o)
                0x00000000000009c4                alt_ic_isr_register
                0x00000000000009c8                alt_ic_irq_enable
                0x0000000000000a00                alt_ic_irq_disable
                0x0000000000000a38                alt_ic_irq_enabled
 .text          0x0000000000000a50       0x68 ../cronometro_bsp//libhal_bsp.a(alt_iic_isr_register.o)
                0x0000000000000a50                alt_iic_isr_register
 .text          0x0000000000000ab8        0x0 ../cronometro_bsp//libhal_bsp.a(alt_irq_entry.o)
 .text          0x0000000000000ab8        0x0 ../cronometro_bsp//libhal_bsp.a(alt_irq_handler.o)
 .text          0x0000000000000ab8        0x0 ../cronometro_bsp//libhal_bsp.a(alt_irq_vars.o)
 .text          0x0000000000000ab8       0xb4 ../cronometro_bsp//libhal_bsp.a(alt_load.o)
                0x0000000000000ab8                alt_load
 .text          0x0000000000000b6c       0x2c ../cronometro_bsp//libhal_bsp.a(alt_main.o)
                0x0000000000000b6c                alt_main
 .text          0x0000000000000b98       0x24 ../cronometro_bsp//libhal_bsp.a(alt_sys_init.o)
                0x0000000000000b98                alt_irq_init
                0x0000000000000bb8                alt_sys_init
 .text          0x0000000000000bbc        0x4 ../cronometro_bsp//libhal_bsp.a(alt_dcache_flush_all.o)
                0x0000000000000bbc                alt_dcache_flush_all
 .text          0x0000000000000bc0        0x0 ../cronometro_bsp//libhal_bsp.a(alt_exception_entry.o)
 .text          0x0000000000000bc0        0x4 ../cronometro_bsp//libhal_bsp.a(alt_icache_flush_all.o)
                0x0000000000000bc0                alt_icache_flush_all
 .text          0x0000000000000bc4       0x70 ../cronometro_bsp//libhal_bsp.a(alt_instruction_exception_entry.o)
                0x0000000000000bc4                alt_exception_cause_generated_bad_addr
 .text          0x0000000000000c34        0x8 ../cronometro_bsp//libhal_bsp.a(altera_nios2_gen2_irq.o)
                0x0000000000000c34                altera_nios2_gen2_irq_init
 *(.gnu.warning.*)
 *(.fini)
                [!provide]                        PROVIDE (__etext = ABSOLUTE (.))
                [!provide]                        PROVIDE (_etext = ABSOLUTE (.))
                [!provide]                        PROVIDE (etext = ABSOLUTE (.))
 *(.eh_frame_hdr)
                0x0000000000000c3c                . = ALIGN (0x4)
                [!provide]                        PROVIDE (__preinit_array_start = ABSOLUTE (.))
 *(.preinit_array)
                [!provide]                        PROVIDE (__preinit_array_end = ABSOLUTE (.))
                [!provide]                        PROVIDE (__init_array_start = ABSOLUTE (.))
 *(.init_array)
                [!provide]                        PROVIDE (__init_array_end = ABSOLUTE (.))
                [!provide]                        PROVIDE (__fini_array_start = ABSOLUTE (.))
 *(.fini_array)
                [!provide]                        PROVIDE (__fini_array_end = ABSOLUTE (.))
 *(.eh_frame)
 *(.gcc_except_table .gcc_except_table.*)
 *(.dynamic)
                [!provide]                        PROVIDE (__CTOR_LIST__ = ABSOLUTE (.))
 *(.ctors)
 *(SORT_BY_NAME(.ctors.*))
                [!provide]                        PROVIDE (__CTOR_END__ = ABSOLUTE (.))
                [!provide]                        PROVIDE (__DTOR_LIST__ = ABSOLUTE (.))
 *(.dtors)
 *(SORT_BY_NAME(.dtors.*))
                [!provide]                        PROVIDE (__DTOR_END__ = ABSOLUTE (.))
 *(.jcr)
                0x0000000000000c3c                . = ALIGN (0x4)

.rodata         0x0000000000010000        0x0 load address 0x0000000000000c3c
                0x0000000000010000                PROVIDE (__ram_rodata_start = ABSOLUTE (.))
                0x0000000000010000                . = ALIGN (0x4)
 *(.rodata .rodata.* .gnu.linkonce.r.*)
 *(.rodata1)
                0x0000000000010000                . = ALIGN (0x4)
                0x0000000000010000                PROVIDE (__ram_rodata_end = ABSOLUTE (.))
                0x0000000000000c3c                PROVIDE (__flash_rodata_start = LOADADDR (.rodata))

.rwdata         0x0000000000010000        0x4 load address 0x0000000000000c3c
                0x0000000000010000                PROVIDE (__ram_rwdata_start = ABSOLUTE (.))
                0x0000000000010000                . = ALIGN (0x4)
 *(.got.plt)
 *(.got)
 *(.data1)
 *(.data .data.* .gnu.linkonce.d.*)
 .data          0x0000000000010000        0x0 ../cronometro_bsp//obj/HAL/src/crt0.o
 .data          0x0000000000010000        0x0 obj/default/hello_world_small.o
 .data          0x0000000000010000        0x0 /home/hrlds/intelFPGA_lite/20.1/nios2eds/bin/gnu/H-x86_64-pc-linux-gnu/bin/../lib/gcc/nios2-elf/9.2.1/mno-hw-mul/libgcc.a(lib2-divmod.o)
 .data          0x0000000000010000        0x0 ../cronometro_bsp//libhal_bsp.a(alt_iic.o)
 .data          0x0000000000010000        0x0 ../cronometro_bsp//libhal_bsp.a(alt_iic_isr_register.o)
 .data          0x0000000000010000        0x0 ../cronometro_bsp//libhal_bsp.a(alt_irq_entry.o)
 .data          0x0000000000010000        0x0 ../cronometro_bsp//libhal_bsp.a(alt_irq_handler.o)
 .data          0x0000000000010000        0x0 ../cronometro_bsp//libhal_bsp.a(alt_irq_vars.o)
 .data          0x0000000000010000        0x0 ../cronometro_bsp//libhal_bsp.a(alt_load.o)
 .data          0x0000000000010000        0x0 ../cronometro_bsp//libhal_bsp.a(alt_main.o)
 .data          0x0000000000010000        0x0 ../cronometro_bsp//libhal_bsp.a(alt_sys_init.o)
 .data          0x0000000000010000        0x0 ../cronometro_bsp//libhal_bsp.a(alt_dcache_flush_all.o)
 .data          0x0000000000010000        0x0 ../cronometro_bsp//libhal_bsp.a(alt_exception_entry.o)
 .data          0x0000000000010000        0x0 ../cronometro_bsp//libhal_bsp.a(alt_icache_flush_all.o)
 .data          0x0000000000010000        0x0 ../cronometro_bsp//libhal_bsp.a(alt_instruction_exception_entry.o)
 .data          0x0000000000010000        0x0 ../cronometro_bsp//libhal_bsp.a(altera_nios2_gen2_irq.o)
                0x0000000000018000                _gp = ABSOLUTE ((. + 0x8000))
                [!provide]                        PROVIDE (gp = _gp)
 *(.rwdata .rwdata.*)
 *(.sdata .sdata.* .gnu.linkonce.s.*)
 .sdata         0x0000000000010000        0x4 ../cronometro_bsp//libhal_bsp.a(alt_irq_vars.o)
                0x0000000000010000                alt_priority_mask
 *(.sdata2 .sdata2.* .gnu.linkonce.s2.*)
                0x0000000000010004                . = ALIGN (0x4)
                0x0000000000010004                _edata = ABSOLUTE (.)
                [!provide]                        PROVIDE (edata = ABSOLUTE (.))
                0x0000000000010004                PROVIDE (__ram_rwdata_end = ABSOLUTE (.))
                0x0000000000000c3c                PROVIDE (__flash_rwdata_start = LOADADDR (.rwdata))

.bss            0x0000000000010004      0x124 load address 0x0000000000000c40
                0x0000000000010004                __bss_start = ABSOLUTE (.)
                [!provide]                        PROVIDE (__sbss_start = ABSOLUTE (.))
                [!provide]                        PROVIDE (___sbss_start = ABSOLUTE (.))
 *(.dynsbss)
 *(.sbss .sbss.* .gnu.linkonce.sb.*)
 .sbss          0x0000000000010004       0x10 obj/default/hello_world_small.o
                0x0000000000010004                init
 .sbss          0x0000000000010014        0x4 ../cronometro_bsp//libhal_bsp.a(alt_irq_vars.o)
                0x0000000000010014                alt_irq_active
 .sbss          0x0000000000010018        0xc ../cronometro_bsp//libhal_bsp.a(alt_main.o)
                0x0000000000010018                alt_envp
                0x000000000001001c                alt_argv
                0x0000000000010020                alt_argc
 .sbss          0x0000000000010024        0x4 ../cronometro_bsp//libhal_bsp.a(alt_instruction_exception_entry.o)
                0x0000000000010024                alt_instruction_exception_handler
 *(.sbss2 .sbss2.* .gnu.linkonce.sb2.*)
 *(.scommon)
                [!provide]                        PROVIDE (__sbss_end = ABSOLUTE (.))
                [!provide]                        PROVIDE (___sbss_end = ABSOLUTE (.))
 *(.dynbss)
 *(.bss .bss.* .gnu.linkonce.b.*)
 .bss           0x0000000000010028        0x0 ../cronometro_bsp//obj/HAL/src/crt0.o
 .bss           0x0000000000010028        0x0 obj/default/hello_world_small.o
 .bss           0x0000000000010028        0x0 /home/hrlds/intelFPGA_lite/20.1/nios2eds/bin/gnu/H-x86_64-pc-linux-gnu/bin/../lib/gcc/nios2-elf/9.2.1/mno-hw-mul/libgcc.a(lib2-divmod.o)
 .bss           0x0000000000010028        0x0 ../cronometro_bsp//libhal_bsp.a(alt_iic.o)
 .bss           0x0000000000010028        0x0 ../cronometro_bsp//libhal_bsp.a(alt_iic_isr_register.o)
 .bss           0x0000000000010028        0x0 ../cronometro_bsp//libhal_bsp.a(alt_irq_entry.o)
 .bss           0x0000000000010028        0x0 ../cronometro_bsp//libhal_bsp.a(alt_irq_handler.o)
 .bss           0x0000000000010028        0x0 ../cronometro_bsp//libhal_bsp.a(alt_irq_vars.o)
 .bss           0x0000000000010028        0x0 ../cronometro_bsp//libhal_bsp.a(alt_load.o)
 .bss           0x0000000000010028        0x0 ../cronometro_bsp//libhal_bsp.a(alt_main.o)
 .bss           0x0000000000010028        0x0 ../cronometro_bsp//libhal_bsp.a(alt_sys_init.o)
 .bss           0x0000000000010028        0x0 ../cronometro_bsp//libhal_bsp.a(alt_dcache_flush_all.o)
 .bss           0x0000000000010028        0x0 ../cronometro_bsp//libhal_bsp.a(alt_exception_entry.o)
 .bss           0x0000000000010028        0x0 ../cronometro_bsp//libhal_bsp.a(alt_icache_flush_all.o)
 .bss           0x0000000000010028        0x0 ../cronometro_bsp//libhal_bsp.a(alt_instruction_exception_entry.o)
 .bss           0x0000000000010028        0x0 ../cronometro_bsp//libhal_bsp.a(altera_nios2_gen2_irq.o)
 *(COMMON)
 COMMON         0x0000000000010028      0x100 ../cronometro_bsp//libhal_bsp.a(alt_irq_handler.o)
                0x0000000000010028                alt_irq
                0x0000000000010128                . = ALIGN (0x4)
                0x0000000000010128                __bss_end = ABSOLUTE (.)

.ROM            0x0000000000000c40        0x0
                [!provide]                        PROVIDE (_alt_partition_ROM_start = ABSOLUTE (.))
 *(.ROM .ROM. ROM.*)
                0x0000000000000c40                . = ALIGN (0x4)
                [!provide]                        PROVIDE (_alt_partition_ROM_end = ABSOLUTE (.))
                [!provide]                        PROVIDE (_alt_partition_ROM_load_addr = LOADADDR (.ROM))

.RAM            0x0000000000010128        0x0 load address 0x0000000000000c40
                [!provide]                        PROVIDE (_alt_partition_RAM_start = ABSOLUTE (.))
 *(.RAM .RAM. RAM.*)
                0x0000000000010128                . = ALIGN (0x4)
                [!provide]                        PROVIDE (_alt_partition_RAM_end = ABSOLUTE (.))
                0x0000000000010128                _end = ABSOLUTE (.)
                0x0000000000010128                end = ABSOLUTE (.)
                0x0000000000010128                __alt_stack_base = ABSOLUTE (.)
                [!provide]                        PROVIDE (_alt_partition_RAM_load_addr = LOADADDR (.RAM))

.stab
 *(.stab)

.stabstr
 *(.stabstr)

.stab.excl
 *(.stab.excl)

.stab.exclstr
 *(.stab.exclstr)

.stab.index
 *(.stab.index)

.stab.indexstr
 *(.stab.indexstr)

.comment        0x0000000000000000       0x2c
 *(.comment)
 .comment       0x0000000000000000       0x2c obj/default/hello_world_small.o
                                         0x2d (size before relaxing)
 .comment       0x000000000000002c       0x2d /home/hrlds/intelFPGA_lite/20.1/nios2eds/bin/gnu/H-x86_64-pc-linux-gnu/bin/../lib/gcc/nios2-elf/9.2.1/mno-hw-mul/libgcc.a(lib2-divmod.o)
 .comment       0x000000000000002c       0x2d ../cronometro_bsp//libhal_bsp.a(alt_iic.o)
 .comment       0x000000000000002c       0x2d ../cronometro_bsp//libhal_bsp.a(alt_iic_isr_register.o)
 .comment       0x000000000000002c       0x2d ../cronometro_bsp//libhal_bsp.a(alt_irq_handler.o)
 .comment       0x000000000000002c       0x2d ../cronometro_bsp//libhal_bsp.a(alt_irq_vars.o)
 .comment       0x000000000000002c       0x2d ../cronometro_bsp//libhal_bsp.a(alt_load.o)
 .comment       0x000000000000002c       0x2d ../cronometro_bsp//libhal_bsp.a(alt_main.o)
 .comment       0x000000000000002c       0x2d ../cronometro_bsp//libhal_bsp.a(alt_sys_init.o)
 .comment       0x000000000000002c       0x2d ../cronometro_bsp//libhal_bsp.a(alt_dcache_flush_all.o)
 .comment       0x000000000000002c       0x2d ../cronometro_bsp//libhal_bsp.a(alt_icache_flush_all.o)
 .comment       0x000000000000002c       0x2d ../cronometro_bsp//libhal_bsp.a(alt_instruction_exception_entry.o)
 .comment       0x000000000000002c       0x2d ../cronometro_bsp//libhal_bsp.a(altera_nios2_gen2_irq.o)

.debug
 *(.debug)

.line
 *(.line)

.debug_srcinfo
 *(.debug_srcinfo)

.debug_sfnames
 *(.debug_sfnames)

.debug_aranges  0x0000000000000000      0x238
 *(.debug_aranges)
 .debug_aranges
                0x0000000000000000       0x28 ../cronometro_bsp//obj/HAL/src/crt0.o
 .debug_aranges
                0x0000000000000028       0x28 obj/default/hello_world_small.o
 .debug_aranges
                0x0000000000000050       0x20 /home/hrlds/intelFPGA_lite/20.1/nios2eds/bin/gnu/H-x86_64-pc-linux-gnu/bin/../lib/gcc/nios2-elf/9.2.1/mno-hw-mul/libgcc.a(lib2-divmod.o)
 .debug_aranges
                0x0000000000000070       0x20 ../cronometro_bsp//libhal_bsp.a(alt_iic.o)
 .debug_aranges
                0x0000000000000090       0x20 ../cronometro_bsp//libhal_bsp.a(alt_iic_isr_register.o)
 .debug_aranges
                0x00000000000000b0       0x30 ../cronometro_bsp//libhal_bsp.a(alt_irq_entry.o)
 .debug_aranges
                0x00000000000000e0       0x20 ../cronometro_bsp//libhal_bsp.a(alt_irq_handler.o)
 .debug_aranges
                0x0000000000000100       0x18 ../cronometro_bsp//libhal_bsp.a(alt_irq_vars.o)
 .debug_aranges
                0x0000000000000118       0x20 ../cronometro_bsp//libhal_bsp.a(alt_load.o)
 .debug_aranges
                0x0000000000000138       0x20 ../cronometro_bsp//libhal_bsp.a(alt_main.o)
 .debug_aranges
                0x0000000000000158       0x20 ../cronometro_bsp//libhal_bsp.a(alt_sys_init.o)
 .debug_aranges
                0x0000000000000178       0x20 ../cronometro_bsp//libhal_bsp.a(alt_dcache_flush_all.o)
 .debug_aranges
                0x0000000000000198       0x38 ../cronometro_bsp//libhal_bsp.a(alt_exception_entry.o)
 .debug_aranges
                0x00000000000001d0       0x20 ../cronometro_bsp//libhal_bsp.a(alt_icache_flush_all.o)
 .debug_aranges
                0x00000000000001f0       0x28 ../cronometro_bsp//libhal_bsp.a(alt_instruction_exception_entry.o)
 .debug_aranges
                0x0000000000000218       0x20 ../cronometro_bsp//libhal_bsp.a(altera_nios2_gen2_irq.o)

.debug_pubnames
 *(.debug_pubnames)

.debug_info     0x0000000000000000     0x7485
 *(.debug_info .gnu.linkonce.wi.*)
 .debug_info    0x0000000000000000       0x22 ../cronometro_bsp//obj/HAL/src/crt0.o
 .debug_info    0x0000000000000022      0xc9c obj/default/hello_world_small.o
 .debug_info    0x0000000000000cbe      0x368 /home/hrlds/intelFPGA_lite/20.1/nios2eds/bin/gnu/H-x86_64-pc-linux-gnu/bin/../lib/gcc/nios2-elf/9.2.1/mno-hw-mul/libgcc.a(lib2-divmod.o)
 .debug_info    0x0000000000001026      0xca2 ../cronometro_bsp//libhal_bsp.a(alt_iic.o)
 .debug_info    0x0000000000001cc8      0xb3a ../cronometro_bsp//libhal_bsp.a(alt_iic_isr_register.o)
 .debug_info    0x0000000000002802       0x22 ../cronometro_bsp//libhal_bsp.a(alt_irq_entry.o)
 .debug_info    0x0000000000002824      0xa61 ../cronometro_bsp//libhal_bsp.a(alt_irq_handler.o)
 .debug_info    0x0000000000003285       0x8b ../cronometro_bsp//libhal_bsp.a(alt_irq_vars.o)
 .debug_info    0x0000000000003310      0xaed ../cronometro_bsp//libhal_bsp.a(alt_load.o)
 .debug_info    0x0000000000003dfd      0xeb0 ../cronometro_bsp//libhal_bsp.a(alt_main.o)
 .debug_info    0x0000000000004cad      0x9ea ../cronometro_bsp//libhal_bsp.a(alt_sys_init.o)
 .debug_info    0x0000000000005697      0x934 ../cronometro_bsp//libhal_bsp.a(alt_dcache_flush_all.o)
 .debug_info    0x0000000000005fcb       0x22 ../cronometro_bsp//libhal_bsp.a(alt_exception_entry.o)
 .debug_info    0x0000000000005fed      0x934 ../cronometro_bsp//libhal_bsp.a(alt_icache_flush_all.o)
 .debug_info    0x0000000000006921      0x20f ../cronometro_bsp//libhal_bsp.a(alt_instruction_exception_entry.o)
 .debug_info    0x0000000000006b30      0x955 ../cronometro_bsp//libhal_bsp.a(altera_nios2_gen2_irq.o)

.debug_abbrev   0x0000000000000000     0x1aec
 *(.debug_abbrev)
 .debug_abbrev  0x0000000000000000       0x12 ../cronometro_bsp//obj/HAL/src/crt0.o
 .debug_abbrev  0x0000000000000012      0x2e7 obj/default/hello_world_small.o
 .debug_abbrev  0x00000000000002f9      0x103 /home/hrlds/intelFPGA_lite/20.1/nios2eds/bin/gnu/H-x86_64-pc-linux-gnu/bin/../lib/gcc/nios2-elf/9.2.1/mno-hw-mul/libgcc.a(lib2-divmod.o)
 .debug_abbrev  0x00000000000003fc      0x31f ../cronometro_bsp//libhal_bsp.a(alt_iic.o)
 .debug_abbrev  0x000000000000071b      0x303 ../cronometro_bsp//libhal_bsp.a(alt_iic_isr_register.o)
 .debug_abbrev  0x0000000000000a1e       0x12 ../cronometro_bsp//libhal_bsp.a(alt_irq_entry.o)
 .debug_abbrev  0x0000000000000a30      0x283 ../cronometro_bsp//libhal_bsp.a(alt_irq_handler.o)
 .debug_abbrev  0x0000000000000cb3       0x44 ../cronometro_bsp//libhal_bsp.a(alt_irq_vars.o)
 .debug_abbrev  0x0000000000000cf7      0x277 ../cronometro_bsp//libhal_bsp.a(alt_load.o)
 .debug_abbrev  0x0000000000000f6e      0x252 ../cronometro_bsp//libhal_bsp.a(alt_main.o)
 .debug_abbrev  0x00000000000011c0      0x25f ../cronometro_bsp//libhal_bsp.a(alt_sys_init.o)
 .debug_abbrev  0x000000000000141f      0x1e0 ../cronometro_bsp//libhal_bsp.a(alt_dcache_flush_all.o)
 .debug_abbrev  0x00000000000015ff       0x12 ../cronometro_bsp//libhal_bsp.a(alt_exception_entry.o)
 .debug_abbrev  0x0000000000001611      0x1e0 ../cronometro_bsp//libhal_bsp.a(alt_icache_flush_all.o)
 .debug_abbrev  0x00000000000017f1      0x116 ../cronometro_bsp//libhal_bsp.a(alt_instruction_exception_entry.o)
 .debug_abbrev  0x0000000000001907      0x1e5 ../cronometro_bsp//libhal_bsp.a(altera_nios2_gen2_irq.o)

.debug_line     0x0000000000000000     0x1f27
 *(.debug_line)
 .debug_line    0x0000000000000000       0x66 ../cronometro_bsp//obj/HAL/src/crt0.o
 .debug_line    0x0000000000000066      0x609 obj/default/hello_world_small.o
 .debug_line    0x000000000000066f      0x2f9 /home/hrlds/intelFPGA_lite/20.1/nios2eds/bin/gnu/H-x86_64-pc-linux-gnu/bin/../lib/gcc/nios2-elf/9.2.1/mno-hw-mul/libgcc.a(lib2-divmod.o)
 .debug_line    0x0000000000000968      0x297 ../cronometro_bsp//libhal_bsp.a(alt_iic.o)
 .debug_line    0x0000000000000bff      0x251 ../cronometro_bsp//libhal_bsp.a(alt_iic_isr_register.o)
 .debug_line    0x0000000000000e50       0x6b ../cronometro_bsp//libhal_bsp.a(alt_irq_entry.o)
 .debug_line    0x0000000000000ebb      0x21f ../cronometro_bsp//libhal_bsp.a(alt_irq_handler.o)
 .debug_line    0x00000000000010da       0x50 ../cronometro_bsp//libhal_bsp.a(alt_irq_vars.o)
 .debug_line    0x000000000000112a      0x285 ../cronometro_bsp//libhal_bsp.a(alt_load.o)
 .debug_line    0x00000000000013af      0x341 ../cronometro_bsp//libhal_bsp.a(alt_main.o)
 .debug_line    0x00000000000016f0      0x1f0 ../cronometro_bsp//libhal_bsp.a(alt_sys_init.o)
 .debug_line    0x00000000000018e0      0x1a9 ../cronometro_bsp//libhal_bsp.a(alt_dcache_flush_all.o)
 .debug_line    0x0000000000001a89       0xb3 ../cronometro_bsp//libhal_bsp.a(alt_exception_entry.o)
 .debug_line    0x0000000000001b3c      0x1a7 ../cronometro_bsp//libhal_bsp.a(alt_icache_flush_all.o)
 .debug_line    0x0000000000001ce3       0xee ../cronometro_bsp//libhal_bsp.a(alt_instruction_exception_entry.o)
 .debug_line    0x0000000000001dd1      0x156 ../cronometro_bsp//libhal_bsp.a(altera_nios2_gen2_irq.o)

.debug_frame    0x0000000000000000      0x2d8
 *(.debug_frame)
 .debug_frame   0x0000000000000000       0xa4 obj/default/hello_world_small.o
 .debug_frame   0x00000000000000a4       0x50 /home/hrlds/intelFPGA_lite/20.1/nios2eds/bin/gnu/H-x86_64-pc-linux-gnu/bin/../lib/gcc/nios2-elf/9.2.1/mno-hw-mul/libgcc.a(lib2-divmod.o)
 .debug_frame   0x00000000000000f4       0x50 ../cronometro_bsp//libhal_bsp.a(alt_iic.o)
 .debug_frame   0x0000000000000144       0x38 ../cronometro_bsp//libhal_bsp.a(alt_iic_isr_register.o)
 .debug_frame   0x000000000000017c       0x34 ../cronometro_bsp//libhal_bsp.a(alt_irq_handler.o)
 .debug_frame   0x00000000000001b0       0x30 ../cronometro_bsp//libhal_bsp.a(alt_load.o)
 .debug_frame   0x00000000000001e0       0x2c ../cronometro_bsp//libhal_bsp.a(alt_main.o)
 .debug_frame   0x000000000000020c       0x3c ../cronometro_bsp//libhal_bsp.a(alt_sys_init.o)
 .debug_frame   0x0000000000000248       0x20 ../cronometro_bsp//libhal_bsp.a(alt_dcache_flush_all.o)
 .debug_frame   0x0000000000000268       0x20 ../cronometro_bsp//libhal_bsp.a(alt_icache_flush_all.o)
 .debug_frame   0x0000000000000288       0x30 ../cronometro_bsp//libhal_bsp.a(alt_instruction_exception_entry.o)
 .debug_frame   0x00000000000002b8       0x20 ../cronometro_bsp//libhal_bsp.a(altera_nios2_gen2_irq.o)

.debug_str      0x0000000000000000     0x11ff
 *(.debug_str)
 .debug_str     0x0000000000000000       0x55 ../cronometro_bsp//obj/HAL/src/crt0.o
 .debug_str     0x0000000000000055      0x582 obj/default/hello_world_small.o
                                        0x618 (size before relaxing)
 .debug_str     0x00000000000005d7      0x194 /home/hrlds/intelFPGA_lite/20.1/nios2eds/bin/gnu/H-x86_64-pc-linux-gnu/bin/../lib/gcc/nios2-elf/9.2.1/mno-hw-mul/libgcc.a(lib2-divmod.o)
                                        0x1df (size before relaxing)
 .debug_str     0x000000000000076b       0xf2 ../cronometro_bsp//libhal_bsp.a(alt_iic.o)
                                        0x634 (size before relaxing)
 .debug_str     0x000000000000085d       0x37 ../cronometro_bsp//libhal_bsp.a(alt_iic_isr_register.o)
                                        0x600 (size before relaxing)
 .debug_str     0x0000000000000894       0x18 ../cronometro_bsp//libhal_bsp.a(alt_irq_entry.o)
                                         0x5e (size before relaxing)
 .debug_str     0x00000000000008ac       0x3a ../cronometro_bsp//libhal_bsp.a(alt_irq_handler.o)
                                        0x58a (size before relaxing)
 .debug_str     0x00000000000008e6       0x29 ../cronometro_bsp//libhal_bsp.a(alt_irq_vars.o)
                                        0x140 (size before relaxing)
 .debug_str     0x000000000000090f      0x11d ../cronometro_bsp//libhal_bsp.a(alt_load.o)
                                        0x622 (size before relaxing)
 .debug_str     0x0000000000000a2c      0x23d ../cronometro_bsp//libhal_bsp.a(alt_main.o)
                                        0x7d4 (size before relaxing)
 .debug_str     0x0000000000000c69       0x8f ../cronometro_bsp//libhal_bsp.a(alt_sys_init.o)
                                        0x5ca (size before relaxing)
 .debug_str     0x0000000000000cf8       0x1f ../cronometro_bsp//libhal_bsp.a(alt_dcache_flush_all.o)
                                        0x53b (size before relaxing)
 .debug_str     0x0000000000000d17       0x1e ../cronometro_bsp//libhal_bsp.a(alt_exception_entry.o)
                                         0x64 (size before relaxing)
 .debug_str     0x0000000000000d35       0x1f ../cronometro_bsp//libhal_bsp.a(alt_icache_flush_all.o)
                                        0x53b (size before relaxing)
 .debug_str     0x0000000000000d54      0x48b ../cronometro_bsp//libhal_bsp.a(alt_instruction_exception_entry.o)
                                        0x5a6 (size before relaxing)
 .debug_str     0x00000000000011df       0x20 ../cronometro_bsp//libhal_bsp.a(altera_nios2_gen2_irq.o)
                                        0x54f (size before relaxing)

.debug_loc      0x0000000000000000     0x1028
 *(.debug_loc)
 .debug_loc     0x0000000000000000      0x46d obj/default/hello_world_small.o
 .debug_loc     0x000000000000046d      0x5d0 /home/hrlds/intelFPGA_lite/20.1/nios2eds/bin/gnu/H-x86_64-pc-linux-gnu/bin/../lib/gcc/nios2-elf/9.2.1/mno-hw-mul/libgcc.a(lib2-divmod.o)
 .debug_loc     0x0000000000000a3d      0x205 ../cronometro_bsp//libhal_bsp.a(alt_iic.o)
 .debug_loc     0x0000000000000c42      0x23c ../cronometro_bsp//libhal_bsp.a(alt_iic_isr_register.o)
 .debug_loc     0x0000000000000e7e       0xac ../cronometro_bsp//libhal_bsp.a(alt_irq_handler.o)
 .debug_loc     0x0000000000000f2a       0x66 ../cronometro_bsp//libhal_bsp.a(alt_load.o)
 .debug_loc     0x0000000000000f90       0x25 ../cronometro_bsp//libhal_bsp.a(alt_sys_init.o)
 .debug_loc     0x0000000000000fb5       0x73 ../cronometro_bsp//libhal_bsp.a(alt_instruction_exception_entry.o)

.debug_macinfo
 *(.debug_macinfo)

.debug_weaknames
 *(.debug_weaknames)

.debug_funcnames
 *(.debug_funcnames)

.debug_typenames
 *(.debug_typenames)

.debug_varnames
 *(.debug_varnames)

.debug_alt_sim_info
                0x0000000000000000       0x10
 *(.debug_alt_sim_info)
 .debug_alt_sim_info
                0x0000000000000000       0x10 ../cronometro_bsp//obj/HAL/src/crt0.o
                0x0000000000011000                __alt_data_end = 0x11000
                0x0000000000011000                PROVIDE (__alt_stack_pointer = __alt_data_end)
                [!provide]                        PROVIDE (__alt_stack_limit = __alt_stack_base)
                [!provide]                        PROVIDE (__alt_heap_start = end)
                [!provide]                        PROVIDE (__alt_heap_limit = 0x11000)
OUTPUT(cronometro.elf elf32-littlenios2)

.debug_ranges   0x0000000000000000      0x1f8
 .debug_ranges  0x0000000000000000       0x20 ../cronometro_bsp//obj/HAL/src/crt0.o
 .debug_ranges  0x0000000000000020       0x18 obj/default/hello_world_small.o
 .debug_ranges  0x0000000000000038       0x70 /home/hrlds/intelFPGA_lite/20.1/nios2eds/bin/gnu/H-x86_64-pc-linux-gnu/bin/../lib/gcc/nios2-elf/9.2.1/mno-hw-mul/libgcc.a(lib2-divmod.o)
 .debug_ranges  0x00000000000000a8       0x18 ../cronometro_bsp//libhal_bsp.a(alt_iic_isr_register.o)
 .debug_ranges  0x00000000000000c0       0x28 ../cronometro_bsp//libhal_bsp.a(alt_irq_entry.o)
 .debug_ranges  0x00000000000000e8       0x28 ../cronometro_bsp//libhal_bsp.a(alt_irq_handler.o)
 .debug_ranges  0x0000000000000110       0xa0 ../cronometro_bsp//libhal_bsp.a(alt_load.o)
 .debug_ranges  0x00000000000001b0       0x30 ../cronometro_bsp//libhal_bsp.a(alt_exception_entry.o)
 .debug_ranges  0x00000000000001e0       0x18 ../cronometro_bsp//libhal_bsp.a(alt_instruction_exception_entry.o)
