Archive member included to satisfy reference by file (symbol)

c:/intelfpga_lite/18.1/nios2eds/bin/gnu/h-x86_64-mingw32/bin/../lib/gcc/nios2-elf/5.3.0/mno-hw-mul\libgcc.a(lib2-divmod.o)
                              obj/default/hello_world_small.o (__divsi3)
../Cronometrotaller1_bsp/\libhal_bsp.a(alt_iic.o)
                              obj/default/hello_world_small.o (alt_ic_isr_register)
../Cronometrotaller1_bsp/\libhal_bsp.a(alt_iic_isr_register.o)
                              ../Cronometrotaller1_bsp/\libhal_bsp.a(alt_iic.o) (alt_iic_isr_register)
../Cronometrotaller1_bsp/\libhal_bsp.a(alt_irq_entry.o)
                              ../Cronometrotaller1_bsp/\libhal_bsp.a(alt_iic_isr_register.o) (alt_irq_entry)
../Cronometrotaller1_bsp/\libhal_bsp.a(alt_irq_handler.o)
                              ../Cronometrotaller1_bsp/\libhal_bsp.a(alt_iic_isr_register.o) (alt_irq_handler)
../Cronometrotaller1_bsp/\libhal_bsp.a(alt_irq_vars.o)
                              ../Cronometrotaller1_bsp/\libhal_bsp.a(alt_iic.o) (alt_irq_active)
../Cronometrotaller1_bsp/\libhal_bsp.a(alt_load.o)
                              ../Cronometrotaller1_bsp//obj/HAL/src/crt0.o (alt_load)
../Cronometrotaller1_bsp/\libhal_bsp.a(alt_main.o)
                              ../Cronometrotaller1_bsp//obj/HAL/src/crt0.o (alt_main)
../Cronometrotaller1_bsp/\libhal_bsp.a(alt_sys_init.o)
                              ../Cronometrotaller1_bsp/\libhal_bsp.a(alt_main.o) (alt_irq_init)
../Cronometrotaller1_bsp/\libhal_bsp.a(alt_dcache_flush_all.o)
                              ../Cronometrotaller1_bsp/\libhal_bsp.a(alt_load.o) (alt_dcache_flush_all)
../Cronometrotaller1_bsp/\libhal_bsp.a(alt_exception_entry.o)
                              ../Cronometrotaller1_bsp/\libhal_bsp.a(alt_irq_entry.o) (alt_exception)
../Cronometrotaller1_bsp/\libhal_bsp.a(alt_icache_flush_all.o)
                              ../Cronometrotaller1_bsp/\libhal_bsp.a(alt_load.o) (alt_icache_flush_all)
../Cronometrotaller1_bsp/\libhal_bsp.a(alt_instruction_exception_entry.o)
                              ../Cronometrotaller1_bsp/\libhal_bsp.a(alt_exception_entry.o) (alt_instruction_exception_entry)
../Cronometrotaller1_bsp/\libhal_bsp.a(altera_nios2_gen2_irq.o)
                              ../Cronometrotaller1_bsp/\libhal_bsp.a(alt_sys_init.o) (altera_nios2_gen2_irq_init)

Allocating common symbols
Common symbol       size              file

alt_irq             0x100             ../Cronometrotaller1_bsp/\libhal_bsp.a(alt_irq_handler.o)

Memory Configuration

Name             Origin             Length             Attributes
reset            0x0000000000000000 0x0000000000000020
ROM              0x0000000000000020 0x0000000000000fe0
RAM              0x0000000000010000 0x0000000000001000
*default*        0x0000000000000000 0xffffffffffffffff

Linker script and memory map

LOAD ../Cronometrotaller1_bsp//obj/HAL/src/crt0.o
LOAD obj/default/hello_world_small.o
LOAD c:/intelfpga_lite/18.1/nios2eds/bin/gnu/h-x86_64-mingw32/bin/../lib/gcc/nios2-elf/5.3.0/../../../../../H-x86_64-mingw32/nios2-elf/lib/mno-hw-mul\libstdc++.a
LOAD c:/intelfpga_lite/18.1/nios2eds/bin/gnu/h-x86_64-mingw32/bin/../lib/gcc/nios2-elf/5.3.0/../../../../../H-x86_64-mingw32/nios2-elf/lib/mno-hw-mul\libm.a
LOAD c:/intelfpga_lite/18.1/nios2eds/bin/gnu/h-x86_64-mingw32/bin/../lib/gcc/nios2-elf/5.3.0/mno-hw-mul\libgcc.a
START GROUP
LOAD c:/intelfpga_lite/18.1/nios2eds/bin/gnu/h-x86_64-mingw32/bin/../lib/gcc/nios2-elf/5.3.0/../../../../../H-x86_64-mingw32/nios2-elf/lib/mno-hw-mul\libsmallc.a
LOAD c:/intelfpga_lite/18.1/nios2eds/bin/gnu/h-x86_64-mingw32/bin/../lib/gcc/nios2-elf/5.3.0/mno-hw-mul\libgcc.a
LOAD ../Cronometrotaller1_bsp/\libhal_bsp.a
LOAD c:/intelfpga_lite/18.1/nios2eds/bin/gnu/h-x86_64-mingw32/bin/../lib/gcc/nios2-elf/5.3.0/../../../../../H-x86_64-mingw32/nios2-elf/lib/mno-hw-mul\libm.a
END GROUP
LOAD c:/intelfpga_lite/18.1/nios2eds/bin/gnu/h-x86_64-mingw32/bin/../lib/gcc/nios2-elf/5.3.0/mno-hw-mul\libgcc.a
                0x0000000000000000                __alt_mem_ROM = 0x0
                0x0000000000010000                __alt_mem_RAM = 0x10000

.entry          0x0000000000000000       0x20
 *(.entry)
 .entry         0x0000000000000000       0x20 ../Cronometrotaller1_bsp//obj/HAL/src/crt0.o
                0x0000000000000000                __reset
                0x000000000000000c                _exit

.exceptions     0x0000000000000020      0x160
                0x0000000000000020                PROVIDE (__ram_exceptions_start, ABSOLUTE (.))
                0x0000000000000020                . = ALIGN (0x20)
 *(.irq)
 *(.exceptions.entry.label)
 .exceptions.entry.label
                0x0000000000000020        0x0 ../Cronometrotaller1_bsp/\libhal_bsp.a(alt_irq_entry.o)
                0x0000000000000020                alt_irq_entry
 .exceptions.entry.label
                0x0000000000000020        0x0 ../Cronometrotaller1_bsp/\libhal_bsp.a(alt_exception_entry.o)
                0x0000000000000020                alt_exception
 *(.exceptions.entry.user)
 *(.exceptions.entry.ecc_fatal)
 *(.exceptions.entry)
 .exceptions.entry
                0x0000000000000020       0x54 ../Cronometrotaller1_bsp/\libhal_bsp.a(alt_exception_entry.o)
 *(.exceptions.irqtest.user)
 *(.exceptions.irqtest)
 .exceptions.irqtest
                0x0000000000000074       0x10 ../Cronometrotaller1_bsp/\libhal_bsp.a(alt_irq_entry.o)
 *(.exceptions.irqhandler.user)
 *(.exceptions.irqhandler)
 .exceptions.irqhandler
                0x0000000000000084        0x4 ../Cronometrotaller1_bsp/\libhal_bsp.a(alt_irq_entry.o)
 *(.exceptions.irqreturn.user)
 *(.exceptions.irqreturn)
 .exceptions.irqreturn
                0x0000000000000088        0x4 ../Cronometrotaller1_bsp/\libhal_bsp.a(alt_irq_entry.o)
 *(.exceptions.notirq.label)
 .exceptions.notirq.label
                0x000000000000008c        0x0 ../Cronometrotaller1_bsp/\libhal_bsp.a(alt_irq_entry.o)
 *(.exceptions.notirq.user)
 *(.exceptions.notirq)
 .exceptions.notirq
                0x000000000000008c        0x8 ../Cronometrotaller1_bsp/\libhal_bsp.a(alt_exception_entry.o)
 *(.exceptions.soft.user)
 *(.exceptions.soft)
 *(.exceptions.unknown.user)
 *(.exceptions.unknown)
 .exceptions.unknown
                0x0000000000000094       0x14 ../Cronometrotaller1_bsp/\libhal_bsp.a(alt_exception_entry.o)
 *(.exceptions.exit.label)
 .exceptions.exit.label
                0x00000000000000a8        0x0 ../Cronometrotaller1_bsp/\libhal_bsp.a(alt_irq_entry.o)
 .exceptions.exit.label
                0x00000000000000a8        0x0 ../Cronometrotaller1_bsp/\libhal_bsp.a(alt_exception_entry.o)
 *(.exceptions.exit.user)
 *(.exceptions.exit)
 .exceptions.exit
                0x00000000000000a8       0x54 ../Cronometrotaller1_bsp/\libhal_bsp.a(alt_exception_entry.o)
 *(.exceptions)
 .exceptions    0x00000000000000fc       0x60 ../Cronometrotaller1_bsp/\libhal_bsp.a(alt_irq_handler.o)
                0x00000000000000fc                alt_irq_handler
 .exceptions    0x000000000000015c       0x24 ../Cronometrotaller1_bsp/\libhal_bsp.a(alt_instruction_exception_entry.o)
                0x000000000000015c                alt_instruction_exception_entry
                0x0000000000000180                PROVIDE (__ram_exceptions_end, ABSOLUTE (.))
                0x0000000000000020                PROVIDE (__flash_exceptions_start, LOADADDR (.exceptions))

.text           0x0000000000000180      0xb04
                [!provide]                        PROVIDE (stext, ABSOLUTE (.))
 *(.interp)
 *(.hash)
 *(.dynsym)
 *(.dynstr)
 *(.gnu.version)
 *(.gnu.version_d)
 *(.gnu.version_r)
 *(.rel.init)
 *(.rela.init)
 *(.rel.text .rel.text.* .rel.gnu.linkonce.t.*)
 *(.rela.text .rela.text.* .rela.gnu.linkonce.t.*)
 *(.rel.fini)
 *(.rela.fini)
 *(.rel.rodata .rel.rodata.* .rel.gnu.linkonce.r.*)
 *(.rela.rodata .rela.rodata.* .rela.gnu.linkonce.r.*)
 *(.rel.data .rel.data.* .rel.gnu.linkonce.d.*)
 *(.rela.data .rela.data.* .rela.gnu.linkonce.d.*)
 *(.rel.tdata .rel.tdata.* .rel.gnu.linkonce.td.*)
 *(.rela.tdata .rela.tdata.* .rela.gnu.linkonce.td.*)
 *(.rel.tbss .rel.tbss.* .rel.gnu.linkonce.tb.*)
 *(.rela.tbss .rela.tbss.* .rela.gnu.linkonce.tb.*)
 *(.rel.ctors)
 *(.rela.ctors)
 *(.rel.dtors)
 *(.rela.dtors)
 *(.rel.got)
 *(.rela.got)
 *(.rel.sdata .rel.sdata.* .rel.gnu.linkonce.s.*)
 *(.rela.sdata .rela.sdata.* .rela.gnu.linkonce.s.*)
 *(.rel.sbss .rel.sbss.* .rel.gnu.linkonce.sb.*)
 *(.rela.sbss .rela.sbss.* .rela.gnu.linkonce.sb.*)
 *(.rel.sdata2 .rel.sdata2.* .rel.gnu.linkonce.s2.*)
 *(.rela.sdata2 .rela.sdata2.* .rela.gnu.linkonce.s2.*)
 *(.rel.sbss2 .rel.sbss2.* .rel.gnu.linkonce.sb2.*)
 *(.rela.sbss2 .rela.sbss2.* .rela.gnu.linkonce.sb2.*)
 *(.rel.bss .rel.bss.* .rel.gnu.linkonce.b.*)
 *(.rela.bss .rela.bss.* .rela.gnu.linkonce.b.*)
 *(.rel.plt)
 *(.rela.plt)
 *(.rel.dyn)
 *(.init)
 *(.plt)
 *(.text .stub .text.* .gnu.linkonce.t.*)
 .text          0x0000000000000180       0x3c ../Cronometrotaller1_bsp//obj/HAL/src/crt0.o
                0x0000000000000180                _start
 .text          0x00000000000001bc      0x510 obj/default/hello_world_small.o
 .text.startup  0x00000000000006cc      0x15c obj/default/hello_world_small.o
                0x00000000000006cc                main
 .text          0x0000000000000828      0x1b4 c:/intelfpga_lite/18.1/nios2eds/bin/gnu/h-x86_64-mingw32/bin/../lib/gcc/nios2-elf/5.3.0/mno-hw-mul\libgcc.a(lib2-divmod.o)
                0x0000000000000828                __divsi3
                0x00000000000008ac                __modsi3
                0x0000000000000920                __udivsi3
                0x0000000000000984                __umodsi3
 .text          0x00000000000009dc       0x8c ../Cronometrotaller1_bsp/\libhal_bsp.a(alt_iic.o)
                0x00000000000009dc                alt_ic_isr_register
                0x00000000000009e0                alt_ic_irq_enable
                0x0000000000000a18                alt_ic_irq_disable
                0x0000000000000a50                alt_ic_irq_enabled
 .text          0x0000000000000a68       0x68 ../Cronometrotaller1_bsp/\libhal_bsp.a(alt_iic_isr_register.o)
                0x0000000000000a68                alt_iic_isr_register
 .text          0x0000000000000ad0        0x0 ../Cronometrotaller1_bsp/\libhal_bsp.a(alt_irq_entry.o)
 .text          0x0000000000000ad0        0x0 ../Cronometrotaller1_bsp/\libhal_bsp.a(alt_irq_handler.o)
 .text          0x0000000000000ad0        0x0 ../Cronometrotaller1_bsp/\libhal_bsp.a(alt_irq_vars.o)
 .text          0x0000000000000ad0       0xe0 ../Cronometrotaller1_bsp/\libhal_bsp.a(alt_load.o)
                0x0000000000000ad0                alt_load
 .text          0x0000000000000bb0       0x2c ../Cronometrotaller1_bsp/\libhal_bsp.a(alt_main.o)
                0x0000000000000bb0                alt_main
 .text          0x0000000000000bdc       0x24 ../Cronometrotaller1_bsp/\libhal_bsp.a(alt_sys_init.o)
                0x0000000000000bdc                alt_irq_init
                0x0000000000000bfc                alt_sys_init
 .text          0x0000000000000c00        0x4 ../Cronometrotaller1_bsp/\libhal_bsp.a(alt_dcache_flush_all.o)
                0x0000000000000c00                alt_dcache_flush_all
 .text          0x0000000000000c04        0x0 ../Cronometrotaller1_bsp/\libhal_bsp.a(alt_exception_entry.o)
 .text          0x0000000000000c04        0x4 ../Cronometrotaller1_bsp/\libhal_bsp.a(alt_icache_flush_all.o)
                0x0000000000000c04                alt_icache_flush_all
 .text          0x0000000000000c08       0x74 ../Cronometrotaller1_bsp/\libhal_bsp.a(alt_instruction_exception_entry.o)
                0x0000000000000c08                alt_exception_cause_generated_bad_addr
 .text          0x0000000000000c7c        0x8 ../Cronometrotaller1_bsp/\libhal_bsp.a(altera_nios2_gen2_irq.o)
                0x0000000000000c7c                altera_nios2_gen2_irq_init
 *(.gnu.warning.*)
 *(.fini)
                [!provide]                        PROVIDE (__etext, ABSOLUTE (.))
                [!provide]                        PROVIDE (_etext, ABSOLUTE (.))
                [!provide]                        PROVIDE (etext, ABSOLUTE (.))
 *(.eh_frame_hdr)
                0x0000000000000c84                . = ALIGN (0x4)
                [!provide]                        PROVIDE (__preinit_array_start, ABSOLUTE (.))
 *(.preinit_array)
                [!provide]                        PROVIDE (__preinit_array_end, ABSOLUTE (.))
                [!provide]                        PROVIDE (__init_array_start, ABSOLUTE (.))
 *(.init_array)
                [!provide]                        PROVIDE (__init_array_end, ABSOLUTE (.))
                [!provide]                        PROVIDE (__fini_array_start, ABSOLUTE (.))
 *(.fini_array)
                [!provide]                        PROVIDE (__fini_array_end, ABSOLUTE (.))
 *(.eh_frame)
 *(.gcc_except_table .gcc_except_table.*)
 *(.dynamic)
                [!provide]                        PROVIDE (__CTOR_LIST__, ABSOLUTE (.))
 *(.ctors)
 *(SORT(.ctors.*))
                [!provide]                        PROVIDE (__CTOR_END__, ABSOLUTE (.))
                [!provide]                        PROVIDE (__DTOR_LIST__, ABSOLUTE (.))
 *(.dtors)
 *(SORT(.dtors.*))
                [!provide]                        PROVIDE (__DTOR_END__, ABSOLUTE (.))
 *(.jcr)
                0x0000000000000c84                . = ALIGN (0x4)

.rodata         0x0000000000010000        0x0 load address 0x0000000000000c84
                0x0000000000010000                PROVIDE (__ram_rodata_start, ABSOLUTE (.))
                0x0000000000010000                . = ALIGN (0x4)
 *(.rodata .rodata.* .gnu.linkonce.r.*)
 *(.rodata1)
                0x0000000000010000                . = ALIGN (0x4)
                0x0000000000010000                PROVIDE (__ram_rodata_end, ABSOLUTE (.))
                0x0000000000000c84                PROVIDE (__flash_rodata_start, LOADADDR (.rodata))

.rwdata         0x0000000000010000        0x4 load address 0x0000000000000c84
                0x0000000000010000                PROVIDE (__ram_rwdata_start, ABSOLUTE (.))
                0x0000000000010000                . = ALIGN (0x4)
 *(.got.plt)
 *(.got)
 *(.data1)
 *(.data .data.* .gnu.linkonce.d.*)
 .data          0x0000000000010000        0x0 ../Cronometrotaller1_bsp//obj/HAL/src/crt0.o
 .data          0x0000000000010000        0x0 obj/default/hello_world_small.o
 .data          0x0000000000010000        0x0 c:/intelfpga_lite/18.1/nios2eds/bin/gnu/h-x86_64-mingw32/bin/../lib/gcc/nios2-elf/5.3.0/mno-hw-mul\libgcc.a(lib2-divmod.o)
 .data          0x0000000000010000        0x0 ../Cronometrotaller1_bsp/\libhal_bsp.a(alt_iic.o)
 .data          0x0000000000010000        0x0 ../Cronometrotaller1_bsp/\libhal_bsp.a(alt_iic_isr_register.o)
 .data          0x0000000000010000        0x0 ../Cronometrotaller1_bsp/\libhal_bsp.a(alt_irq_entry.o)
 .data          0x0000000000010000        0x0 ../Cronometrotaller1_bsp/\libhal_bsp.a(alt_irq_handler.o)
 .data          0x0000000000010000        0x0 ../Cronometrotaller1_bsp/\libhal_bsp.a(alt_irq_vars.o)
 .data          0x0000000000010000        0x0 ../Cronometrotaller1_bsp/\libhal_bsp.a(alt_load.o)
 .data          0x0000000000010000        0x0 ../Cronometrotaller1_bsp/\libhal_bsp.a(alt_main.o)
 .data          0x0000000000010000        0x0 ../Cronometrotaller1_bsp/\libhal_bsp.a(alt_sys_init.o)
 .data          0x0000000000010000        0x0 ../Cronometrotaller1_bsp/\libhal_bsp.a(alt_dcache_flush_all.o)
 .data          0x0000000000010000        0x0 ../Cronometrotaller1_bsp/\libhal_bsp.a(alt_exception_entry.o)
 .data          0x0000000000010000        0x0 ../Cronometrotaller1_bsp/\libhal_bsp.a(alt_icache_flush_all.o)
 .data          0x0000000000010000        0x0 ../Cronometrotaller1_bsp/\libhal_bsp.a(alt_instruction_exception_entry.o)
 .data          0x0000000000010000        0x0 ../Cronometrotaller1_bsp/\libhal_bsp.a(altera_nios2_gen2_irq.o)
                0x0000000000018000                _gp = ABSOLUTE ((. + 0x8000))
                [!provide]                        PROVIDE (gp, _gp)
 *(.rwdata .rwdata.*)
 *(.sdata .sdata.* .gnu.linkonce.s.*)
 .sdata         0x0000000000010000        0x4 ../Cronometrotaller1_bsp/\libhal_bsp.a(alt_irq_vars.o)
                0x0000000000010000                alt_priority_mask
 *(.sdata2 .sdata2.* .gnu.linkonce.s2.*)
                0x0000000000010004                . = ALIGN (0x4)
                0x0000000000010004                _edata = ABSOLUTE (.)
                [!provide]                        PROVIDE (edata, ABSOLUTE (.))
                0x0000000000010004                PROVIDE (__ram_rwdata_end, ABSOLUTE (.))
                0x0000000000000c84                PROVIDE (__flash_rwdata_start, LOADADDR (.rwdata))

.bss            0x0000000000010004      0x124 load address 0x0000000000000c88
                0x0000000000010004                __bss_start = ABSOLUTE (.)
                [!provide]                        PROVIDE (__sbss_start, ABSOLUTE (.))
                [!provide]                        PROVIDE (___sbss_start, ABSOLUTE (.))
 *(.dynsbss)
 *(.sbss .sbss.* .gnu.linkonce.sb.*)
 .sbss          0x0000000000010004       0x10 obj/default/hello_world_small.o
                0x0000000000010004                init
 .sbss          0x0000000000010014        0x4 ../Cronometrotaller1_bsp/\libhal_bsp.a(alt_irq_vars.o)
                0x0000000000010014                alt_irq_active
 .sbss          0x0000000000010018        0xc ../Cronometrotaller1_bsp/\libhal_bsp.a(alt_main.o)
                0x0000000000010018                alt_envp
                0x000000000001001c                alt_argv
                0x0000000000010020                alt_argc
 .sbss          0x0000000000010024        0x4 ../Cronometrotaller1_bsp/\libhal_bsp.a(alt_instruction_exception_entry.o)
                0x0000000000010024                alt_instruction_exception_handler
 *(.sbss2 .sbss2.* .gnu.linkonce.sb2.*)
 *(.scommon)
                [!provide]                        PROVIDE (__sbss_end, ABSOLUTE (.))
                [!provide]                        PROVIDE (___sbss_end, ABSOLUTE (.))
 *(.dynbss)
 *(.bss .bss.* .gnu.linkonce.b.*)
 .bss           0x0000000000010028        0x0 ../Cronometrotaller1_bsp//obj/HAL/src/crt0.o
 .bss           0x0000000000010028        0x0 obj/default/hello_world_small.o
 .bss           0x0000000000010028        0x0 c:/intelfpga_lite/18.1/nios2eds/bin/gnu/h-x86_64-mingw32/bin/../lib/gcc/nios2-elf/5.3.0/mno-hw-mul\libgcc.a(lib2-divmod.o)
 .bss           0x0000000000010028        0x0 ../Cronometrotaller1_bsp/\libhal_bsp.a(alt_iic.o)
 .bss           0x0000000000010028        0x0 ../Cronometrotaller1_bsp/\libhal_bsp.a(alt_iic_isr_register.o)
 .bss           0x0000000000010028        0x0 ../Cronometrotaller1_bsp/\libhal_bsp.a(alt_irq_entry.o)
 .bss           0x0000000000010028        0x0 ../Cronometrotaller1_bsp/\libhal_bsp.a(alt_irq_handler.o)
 .bss           0x0000000000010028        0x0 ../Cronometrotaller1_bsp/\libhal_bsp.a(alt_irq_vars.o)
 .bss           0x0000000000010028        0x0 ../Cronometrotaller1_bsp/\libhal_bsp.a(alt_load.o)
 .bss           0x0000000000010028        0x0 ../Cronometrotaller1_bsp/\libhal_bsp.a(alt_main.o)
 .bss           0x0000000000010028        0x0 ../Cronometrotaller1_bsp/\libhal_bsp.a(alt_sys_init.o)
 .bss           0x0000000000010028        0x0 ../Cronometrotaller1_bsp/\libhal_bsp.a(alt_dcache_flush_all.o)
 .bss           0x0000000000010028        0x0 ../Cronometrotaller1_bsp/\libhal_bsp.a(alt_exception_entry.o)
 .bss           0x0000000000010028        0x0 ../Cronometrotaller1_bsp/\libhal_bsp.a(alt_icache_flush_all.o)
 .bss           0x0000000000010028        0x0 ../Cronometrotaller1_bsp/\libhal_bsp.a(alt_instruction_exception_entry.o)
 .bss           0x0000000000010028        0x0 ../Cronometrotaller1_bsp/\libhal_bsp.a(altera_nios2_gen2_irq.o)
 *(COMMON)
 COMMON         0x0000000000010028      0x100 ../Cronometrotaller1_bsp/\libhal_bsp.a(alt_irq_handler.o)
                0x0000000000010028                alt_irq
                0x0000000000010128                . = ALIGN (0x4)
                0x0000000000010128                __bss_end = ABSOLUTE (.)

.ROM            0x0000000000000c88        0x0
                [!provide]                        PROVIDE (_alt_partition_ROM_start, ABSOLUTE (.))
 *(.ROM .ROM. ROM.*)
                0x0000000000000c88                . = ALIGN (0x4)
                [!provide]                        PROVIDE (_alt_partition_ROM_end, ABSOLUTE (.))
                [!provide]                        PROVIDE (_alt_partition_ROM_load_addr, LOADADDR (.ROM))

.RAM            0x0000000000010128        0x0 load address 0x0000000000000c88
                [!provide]                        PROVIDE (_alt_partition_RAM_start, ABSOLUTE (.))
 *(.RAM .RAM. RAM.*)
                0x0000000000010128                . = ALIGN (0x4)
                [!provide]                        PROVIDE (_alt_partition_RAM_end, ABSOLUTE (.))
                0x0000000000010128                _end = ABSOLUTE (.)
                0x0000000000010128                end = ABSOLUTE (.)
                0x0000000000010128                __alt_stack_base = ABSOLUTE (.)
                [!provide]                        PROVIDE (_alt_partition_RAM_load_addr, LOADADDR (.RAM))

.stab
 *(.stab)

.stabstr
 *(.stabstr)

.stab.excl
 *(.stab.excl)

.stab.exclstr
 *(.stab.exclstr)

.stab.index
 *(.stab.index)

.stab.indexstr
 *(.stab.indexstr)

.comment        0x0000000000000000       0x23
 *(.comment)
 .comment       0x0000000000000000       0x23 obj/default/hello_world_small.o
                                         0x24 (size before relaxing)
 .comment       0x0000000000000023       0x24 c:/intelfpga_lite/18.1/nios2eds/bin/gnu/h-x86_64-mingw32/bin/../lib/gcc/nios2-elf/5.3.0/mno-hw-mul\libgcc.a(lib2-divmod.o)
 .comment       0x0000000000000023       0x24 ../Cronometrotaller1_bsp/\libhal_bsp.a(alt_iic.o)
 .comment       0x0000000000000023       0x24 ../Cronometrotaller1_bsp/\libhal_bsp.a(alt_iic_isr_register.o)
 .comment       0x0000000000000023       0x24 ../Cronometrotaller1_bsp/\libhal_bsp.a(alt_irq_handler.o)
 .comment       0x0000000000000023       0x24 ../Cronometrotaller1_bsp/\libhal_bsp.a(alt_irq_vars.o)
 .comment       0x0000000000000023       0x24 ../Cronometrotaller1_bsp/\libhal_bsp.a(alt_load.o)
 .comment       0x0000000000000023       0x24 ../Cronometrotaller1_bsp/\libhal_bsp.a(alt_main.o)
 .comment       0x0000000000000023       0x24 ../Cronometrotaller1_bsp/\libhal_bsp.a(alt_sys_init.o)
 .comment       0x0000000000000023       0x24 ../Cronometrotaller1_bsp/\libhal_bsp.a(alt_dcache_flush_all.o)
 .comment       0x0000000000000023       0x24 ../Cronometrotaller1_bsp/\libhal_bsp.a(alt_icache_flush_all.o)
 .comment       0x0000000000000023       0x24 ../Cronometrotaller1_bsp/\libhal_bsp.a(alt_instruction_exception_entry.o)
 .comment       0x0000000000000023       0x24 ../Cronometrotaller1_bsp/\libhal_bsp.a(altera_nios2_gen2_irq.o)

.debug
 *(.debug)

.line
 *(.line)

.debug_srcinfo
 *(.debug_srcinfo)

.debug_sfnames
 *(.debug_sfnames)

.debug_aranges  0x0000000000000000      0x238
 *(.debug_aranges)
 .debug_aranges
                0x0000000000000000       0x28 ../Cronometrotaller1_bsp//obj/HAL/src/crt0.o
 .debug_aranges
                0x0000000000000028       0x28 obj/default/hello_world_small.o
 .debug_aranges
                0x0000000000000050       0x20 c:/intelfpga_lite/18.1/nios2eds/bin/gnu/h-x86_64-mingw32/bin/../lib/gcc/nios2-elf/5.3.0/mno-hw-mul\libgcc.a(lib2-divmod.o)
 .debug_aranges
                0x0000000000000070       0x20 ../Cronometrotaller1_bsp/\libhal_bsp.a(alt_iic.o)
 .debug_aranges
                0x0000000000000090       0x20 ../Cronometrotaller1_bsp/\libhal_bsp.a(alt_iic_isr_register.o)
 .debug_aranges
                0x00000000000000b0       0x30 ../Cronometrotaller1_bsp/\libhal_bsp.a(alt_irq_entry.o)
 .debug_aranges
                0x00000000000000e0       0x20 ../Cronometrotaller1_bsp/\libhal_bsp.a(alt_irq_handler.o)
 .debug_aranges
                0x0000000000000100       0x18 ../Cronometrotaller1_bsp/\libhal_bsp.a(alt_irq_vars.o)
 .debug_aranges
                0x0000000000000118       0x20 ../Cronometrotaller1_bsp/\libhal_bsp.a(alt_load.o)
 .debug_aranges
                0x0000000000000138       0x20 ../Cronometrotaller1_bsp/\libhal_bsp.a(alt_main.o)
 .debug_aranges
                0x0000000000000158       0x20 ../Cronometrotaller1_bsp/\libhal_bsp.a(alt_sys_init.o)
 .debug_aranges
                0x0000000000000178       0x20 ../Cronometrotaller1_bsp/\libhal_bsp.a(alt_dcache_flush_all.o)
 .debug_aranges
                0x0000000000000198       0x38 ../Cronometrotaller1_bsp/\libhal_bsp.a(alt_exception_entry.o)
 .debug_aranges
                0x00000000000001d0       0x20 ../Cronometrotaller1_bsp/\libhal_bsp.a(alt_icache_flush_all.o)
 .debug_aranges
                0x00000000000001f0       0x28 ../Cronometrotaller1_bsp/\libhal_bsp.a(alt_instruction_exception_entry.o)
 .debug_aranges
                0x0000000000000218       0x20 ../Cronometrotaller1_bsp/\libhal_bsp.a(altera_nios2_gen2_irq.o)

.debug_pubnames
 *(.debug_pubnames)

.debug_info     0x0000000000000000     0x1846
 *(.debug_info .gnu.linkonce.wi.*)
 .debug_info    0x0000000000000000       0xac ../Cronometrotaller1_bsp//obj/HAL/src/crt0.o
 .debug_info    0x00000000000000ac      0x36a obj/default/hello_world_small.o
 .debug_info    0x0000000000000416      0x2c6 c:/intelfpga_lite/18.1/nios2eds/bin/gnu/h-x86_64-mingw32/bin/../lib/gcc/nios2-elf/5.3.0/mno-hw-mul\libgcc.a(lib2-divmod.o)
 .debug_info    0x00000000000006dc      0x38a ../Cronometrotaller1_bsp/\libhal_bsp.a(alt_iic.o)
 .debug_info    0x0000000000000a66      0x232 ../Cronometrotaller1_bsp/\libhal_bsp.a(alt_iic_isr_register.o)
 .debug_info    0x0000000000000c98       0xb5 ../Cronometrotaller1_bsp/\libhal_bsp.a(alt_irq_entry.o)
 .debug_info    0x0000000000000d4d      0x184 ../Cronometrotaller1_bsp/\libhal_bsp.a(alt_irq_handler.o)
 .debug_info    0x0000000000000ed1       0x88 ../Cronometrotaller1_bsp/\libhal_bsp.a(alt_irq_vars.o)
 .debug_info    0x0000000000000f59      0x1c9 ../Cronometrotaller1_bsp/\libhal_bsp.a(alt_load.o)
 .debug_info    0x0000000000001122      0x169 ../Cronometrotaller1_bsp/\libhal_bsp.a(alt_main.o)
 .debug_info    0x000000000000128b      0x14d ../Cronometrotaller1_bsp/\libhal_bsp.a(alt_sys_init.o)
 .debug_info    0x00000000000013d8       0x92 ../Cronometrotaller1_bsp/\libhal_bsp.a(alt_dcache_flush_all.o)
 .debug_info    0x000000000000146a       0xbb ../Cronometrotaller1_bsp/\libhal_bsp.a(alt_exception_entry.o)
 .debug_info    0x0000000000001525       0x92 ../Cronometrotaller1_bsp/\libhal_bsp.a(alt_icache_flush_all.o)
 .debug_info    0x00000000000015b7      0x1fd ../Cronometrotaller1_bsp/\libhal_bsp.a(alt_instruction_exception_entry.o)
 .debug_info    0x00000000000017b4       0x92 ../Cronometrotaller1_bsp/\libhal_bsp.a(altera_nios2_gen2_irq.o)

.debug_abbrev   0x0000000000000000      0xb49
 *(.debug_abbrev)
 .debug_abbrev  0x0000000000000000       0x12 ../Cronometrotaller1_bsp//obj/HAL/src/crt0.o
 .debug_abbrev  0x0000000000000012      0x100 obj/default/hello_world_small.o
 .debug_abbrev  0x0000000000000112      0x10e c:/intelfpga_lite/18.1/nios2eds/bin/gnu/h-x86_64-mingw32/bin/../lib/gcc/nios2-elf/5.3.0/mno-hw-mul\libgcc.a(lib2-divmod.o)
 .debug_abbrev  0x0000000000000220      0x1a0 ../Cronometrotaller1_bsp/\libhal_bsp.a(alt_iic.o)
 .debug_abbrev  0x00000000000003c0      0x19c ../Cronometrotaller1_bsp/\libhal_bsp.a(alt_iic_isr_register.o)
 .debug_abbrev  0x000000000000055c       0x12 ../Cronometrotaller1_bsp/\libhal_bsp.a(alt_irq_entry.o)
 .debug_abbrev  0x000000000000056e      0x120 ../Cronometrotaller1_bsp/\libhal_bsp.a(alt_irq_handler.o)
 .debug_abbrev  0x000000000000068e       0x40 ../Cronometrotaller1_bsp/\libhal_bsp.a(alt_irq_vars.o)
 .debug_abbrev  0x00000000000006ce       0xd8 ../Cronometrotaller1_bsp/\libhal_bsp.a(alt_load.o)
 .debug_abbrev  0x00000000000007a6       0xee ../Cronometrotaller1_bsp/\libhal_bsp.a(alt_main.o)
 .debug_abbrev  0x0000000000000894       0xf6 ../Cronometrotaller1_bsp/\libhal_bsp.a(alt_sys_init.o)
 .debug_abbrev  0x000000000000098a       0x42 ../Cronometrotaller1_bsp/\libhal_bsp.a(alt_dcache_flush_all.o)
 .debug_abbrev  0x00000000000009cc       0x12 ../Cronometrotaller1_bsp/\libhal_bsp.a(alt_exception_entry.o)
 .debug_abbrev  0x00000000000009de       0x42 ../Cronometrotaller1_bsp/\libhal_bsp.a(alt_icache_flush_all.o)
 .debug_abbrev  0x0000000000000a20       0xe7 ../Cronometrotaller1_bsp/\libhal_bsp.a(alt_instruction_exception_entry.o)
 .debug_abbrev  0x0000000000000b07       0x42 ../Cronometrotaller1_bsp/\libhal_bsp.a(altera_nios2_gen2_irq.o)

.debug_line     0x0000000000000000      0xac4
 *(.debug_line)
 .debug_line    0x0000000000000000       0x66 ../Cronometrotaller1_bsp//obj/HAL/src/crt0.o
 .debug_line    0x0000000000000066      0x194 obj/default/hello_world_small.o
 .debug_line    0x00000000000001fa      0x105 c:/intelfpga_lite/18.1/nios2eds/bin/gnu/h-x86_64-mingw32/bin/../lib/gcc/nios2-elf/5.3.0/mno-hw-mul\libgcc.a(lib2-divmod.o)
 .debug_line    0x00000000000002ff       0xf1 ../Cronometrotaller1_bsp/\libhal_bsp.a(alt_iic.o)
 .debug_line    0x00000000000003f0       0xd6 ../Cronometrotaller1_bsp/\libhal_bsp.a(alt_iic_isr_register.o)
 .debug_line    0x00000000000004c6       0x6b ../Cronometrotaller1_bsp/\libhal_bsp.a(alt_irq_entry.o)
 .debug_line    0x0000000000000531       0xa5 ../Cronometrotaller1_bsp/\libhal_bsp.a(alt_irq_handler.o)
 .debug_line    0x00000000000005d6       0x50 ../Cronometrotaller1_bsp/\libhal_bsp.a(alt_irq_vars.o)
 .debug_line    0x0000000000000626       0xa4 ../Cronometrotaller1_bsp/\libhal_bsp.a(alt_load.o)
 .debug_line    0x00000000000006ca       0xbd ../Cronometrotaller1_bsp/\libhal_bsp.a(alt_main.o)
 .debug_line    0x0000000000000787       0xdf ../Cronometrotaller1_bsp/\libhal_bsp.a(alt_sys_init.o)
 .debug_line    0x0000000000000866       0x4e ../Cronometrotaller1_bsp/\libhal_bsp.a(alt_dcache_flush_all.o)
 .debug_line    0x00000000000008b4       0xb3 ../Cronometrotaller1_bsp/\libhal_bsp.a(alt_exception_entry.o)
 .debug_line    0x0000000000000967       0x4e ../Cronometrotaller1_bsp/\libhal_bsp.a(alt_icache_flush_all.o)
 .debug_line    0x00000000000009b5       0xbf ../Cronometrotaller1_bsp/\libhal_bsp.a(alt_instruction_exception_entry.o)
 .debug_line    0x0000000000000a74       0x50 ../Cronometrotaller1_bsp/\libhal_bsp.a(altera_nios2_gen2_irq.o)

.debug_frame    0x0000000000000000      0x2d0
 *(.debug_frame)
 .debug_frame   0x0000000000000000       0xa4 obj/default/hello_world_small.o
 .debug_frame   0x00000000000000a4       0x50 c:/intelfpga_lite/18.1/nios2eds/bin/gnu/h-x86_64-mingw32/bin/../lib/gcc/nios2-elf/5.3.0/mno-hw-mul\libgcc.a(lib2-divmod.o)
 .debug_frame   0x00000000000000f4       0x50 ../Cronometrotaller1_bsp/\libhal_bsp.a(alt_iic.o)
 .debug_frame   0x0000000000000144       0x30 ../Cronometrotaller1_bsp/\libhal_bsp.a(alt_iic_isr_register.o)
 .debug_frame   0x0000000000000174       0x34 ../Cronometrotaller1_bsp/\libhal_bsp.a(alt_irq_handler.o)
 .debug_frame   0x00000000000001a8       0x30 ../Cronometrotaller1_bsp/\libhal_bsp.a(alt_load.o)
 .debug_frame   0x00000000000001d8       0x2c ../Cronometrotaller1_bsp/\libhal_bsp.a(alt_main.o)
 .debug_frame   0x0000000000000204       0x3c ../Cronometrotaller1_bsp/\libhal_bsp.a(alt_sys_init.o)
 .debug_frame   0x0000000000000240       0x20 ../Cronometrotaller1_bsp/\libhal_bsp.a(alt_dcache_flush_all.o)
 .debug_frame   0x0000000000000260       0x20 ../Cronometrotaller1_bsp/\libhal_bsp.a(alt_icache_flush_all.o)
 .debug_frame   0x0000000000000280       0x30 ../Cronometrotaller1_bsp/\libhal_bsp.a(alt_instruction_exception_entry.o)
 .debug_frame   0x00000000000002b0       0x20 ../Cronometrotaller1_bsp/\libhal_bsp.a(altera_nios2_gen2_irq.o)

.debug_str      0x0000000000000000      0xc76
 *(.debug_str)
 .debug_str     0x0000000000000000      0x1ff obj/default/hello_world_small.o
                                        0x251 (size before relaxing)
 .debug_str     0x00000000000001ff      0x187 c:/intelfpga_lite/18.1/nios2eds/bin/gnu/h-x86_64-mingw32/bin/../lib/gcc/nios2-elf/5.3.0/mno-hw-mul\libgcc.a(lib2-divmod.o)
                                        0x1d2 (size before relaxing)
 .debug_str     0x0000000000000386      0x15d ../Cronometrotaller1_bsp/\libhal_bsp.a(alt_iic.o)
                                        0x291 (size before relaxing)
 .debug_str     0x00000000000004e3       0x37 ../Cronometrotaller1_bsp/\libhal_bsp.a(alt_iic_isr_register.o)
                                        0x24b (size before relaxing)
 .debug_str     0x000000000000051a       0x3a ../Cronometrotaller1_bsp/\libhal_bsp.a(alt_irq_handler.o)
                                        0x1d5 (size before relaxing)
 .debug_str     0x0000000000000554       0x17 ../Cronometrotaller1_bsp/\libhal_bsp.a(alt_irq_vars.o)
                                        0x178 (size before relaxing)
 .debug_str     0x000000000000056b      0x113 ../Cronometrotaller1_bsp/\libhal_bsp.a(alt_load.o)
                                        0x27a (size before relaxing)
 .debug_str     0x000000000000067e       0x8f ../Cronometrotaller1_bsp/\libhal_bsp.a(alt_main.o)
                                        0x1f3 (size before relaxing)
 .debug_str     0x000000000000070d       0x80 ../Cronometrotaller1_bsp/\libhal_bsp.a(alt_sys_init.o)
                                        0x237 (size before relaxing)
 .debug_str     0x000000000000078d       0x1f ../Cronometrotaller1_bsp/\libhal_bsp.a(alt_dcache_flush_all.o)
                                        0x193 (size before relaxing)
 .debug_str     0x00000000000007ac       0x1f ../Cronometrotaller1_bsp/\libhal_bsp.a(alt_icache_flush_all.o)
                                        0x193 (size before relaxing)
 .debug_str     0x00000000000007cb      0x48b ../Cronometrotaller1_bsp/\libhal_bsp.a(alt_instruction_exception_entry.o)
                                        0x5de (size before relaxing)
 .debug_str     0x0000000000000c56       0x20 ../Cronometrotaller1_bsp/\libhal_bsp.a(altera_nios2_gen2_irq.o)
                                        0x19a (size before relaxing)

.debug_loc      0x0000000000000000      0xc36
 *(.debug_loc)
 .debug_loc     0x0000000000000000      0x36d obj/default/hello_world_small.o
 .debug_loc     0x000000000000036d      0x4ce c:/intelfpga_lite/18.1/nios2eds/bin/gnu/h-x86_64-mingw32/bin/../lib/gcc/nios2-elf/5.3.0/mno-hw-mul\libgcc.a(lib2-divmod.o)
 .debug_loc     0x000000000000083b      0x170 ../Cronometrotaller1_bsp/\libhal_bsp.a(alt_iic.o)
 .debug_loc     0x00000000000009ab      0x193 ../Cronometrotaller1_bsp/\libhal_bsp.a(alt_iic_isr_register.o)
 .debug_loc     0x0000000000000b3e       0x72 ../Cronometrotaller1_bsp/\libhal_bsp.a(alt_irq_handler.o)
 .debug_loc     0x0000000000000bb0       0x21 ../Cronometrotaller1_bsp/\libhal_bsp.a(alt_sys_init.o)
 .debug_loc     0x0000000000000bd1       0x65 ../Cronometrotaller1_bsp/\libhal_bsp.a(alt_instruction_exception_entry.o)

.debug_macinfo
 *(.debug_macinfo)

.debug_weaknames
 *(.debug_weaknames)

.debug_funcnames
 *(.debug_funcnames)

.debug_typenames
 *(.debug_typenames)

.debug_varnames
 *(.debug_varnames)

.debug_alt_sim_info
                0x0000000000000000       0x10
 *(.debug_alt_sim_info)
 .debug_alt_sim_info
                0x0000000000000000       0x10 ../Cronometrotaller1_bsp//obj/HAL/src/crt0.o
                0x0000000000011000                __alt_data_end = 0x11000
                0x0000000000011000                PROVIDE (__alt_stack_pointer, __alt_data_end)
                [!provide]                        PROVIDE (__alt_stack_limit, __alt_stack_base)
                [!provide]                        PROVIDE (__alt_heap_start, end)
                [!provide]                        PROVIDE (__alt_heap_limit, 0x11000)
OUTPUT(Cronometrotaller1.elf elf32-littlenios2)

.debug_ranges   0x0000000000000000      0x178
 .debug_ranges  0x0000000000000000       0x20 ../Cronometrotaller1_bsp//obj/HAL/src/crt0.o
 .debug_ranges  0x0000000000000020       0x30 obj/default/hello_world_small.o
 .debug_ranges  0x0000000000000050       0x60 c:/intelfpga_lite/18.1/nios2eds/bin/gnu/h-x86_64-mingw32/bin/../lib/gcc/nios2-elf/5.3.0/mno-hw-mul\libgcc.a(lib2-divmod.o)
 .debug_ranges  0x00000000000000b0       0x28 ../Cronometrotaller1_bsp/\libhal_bsp.a(alt_irq_entry.o)
 .debug_ranges  0x00000000000000d8       0x10 ../Cronometrotaller1_bsp/\libhal_bsp.a(alt_irq_handler.o)
 .debug_ranges  0x00000000000000e8       0x48 ../Cronometrotaller1_bsp/\libhal_bsp.a(alt_load.o)
 .debug_ranges  0x0000000000000130       0x30 ../Cronometrotaller1_bsp/\libhal_bsp.a(alt_exception_entry.o)
 .debug_ranges  0x0000000000000160       0x18 ../Cronometrotaller1_bsp/\libhal_bsp.a(alt_instruction_exception_entry.o)
