Archive member included to satisfy reference by file (symbol)

/home/hrlds/intelFPGA_lite/20.1/nios2eds/bin/gnu/H-x86_64-pc-linux-gnu/bin/../lib/gcc/nios2-elf/9.2.1/mno-hw-mul/libgcc.a(lib2-divmod.o)
                              obj/default/hello_world_small.o (__divsi3)
../cronometrof_bsp//libhal_bsp.a(alt_iic.o)
                              obj/default/hello_world_small.o (alt_ic_isr_register)
../cronometrof_bsp//libhal_bsp.a(alt_iic_isr_register.o)
                              ../cronometrof_bsp//libhal_bsp.a(alt_iic.o) (alt_iic_isr_register)
../cronometrof_bsp//libhal_bsp.a(alt_irq_entry.o)
                              ../cronometrof_bsp//libhal_bsp.a(alt_iic_isr_register.o) (alt_irq_entry)
../cronometrof_bsp//libhal_bsp.a(alt_irq_handler.o)
                              ../cronometrof_bsp//libhal_bsp.a(alt_iic_isr_register.o) (alt_irq_handler)
../cronometrof_bsp//libhal_bsp.a(alt_irq_vars.o)
                              ../cronometrof_bsp//libhal_bsp.a(alt_iic.o) (alt_irq_active)
../cronometrof_bsp//libhal_bsp.a(alt_load.o)
                              ../cronometrof_bsp//obj/HAL/src/crt0.o (alt_load)
../cronometrof_bsp//libhal_bsp.a(alt_main.o)
                              ../cronometrof_bsp//obj/HAL/src/crt0.o (alt_main)
../cronometrof_bsp//libhal_bsp.a(alt_sys_init.o)
                              ../cronometrof_bsp//libhal_bsp.a(alt_main.o) (alt_irq_init)
../cronometrof_bsp//libhal_bsp.a(alt_dcache_flush_all.o)
                              ../cronometrof_bsp//libhal_bsp.a(alt_load.o) (alt_dcache_flush_all)
../cronometrof_bsp//libhal_bsp.a(alt_exception_entry.o)
                              ../cronometrof_bsp//libhal_bsp.a(alt_irq_entry.o) (alt_exception)
../cronometrof_bsp//libhal_bsp.a(alt_icache_flush_all.o)
                              ../cronometrof_bsp//libhal_bsp.a(alt_load.o) (alt_icache_flush_all)
../cronometrof_bsp//libhal_bsp.a(alt_instruction_exception_entry.o)
                              ../cronometrof_bsp//libhal_bsp.a(alt_exception_entry.o) (alt_instruction_exception_entry)
../cronometrof_bsp//libhal_bsp.a(altera_nios2_gen2_irq.o)
                              ../cronometrof_bsp//libhal_bsp.a(alt_sys_init.o) (altera_nios2_gen2_irq_init)

Allocating common symbols
Common symbol       size              file

alt_irq             0x100             ../cronometrof_bsp//libhal_bsp.a(alt_irq_handler.o)
edge_capture        0x4               obj/default/hello_world_small.o

Memory Configuration

Name             Origin             Length             Attributes
reset            0x0000000000000000 0x0000000000000020
ROM              0x0000000000000020 0x0000000000000fe0
RAM              0x0000000000010000 0x0000000000001000
*default*        0x0000000000000000 0xffffffffffffffff

Linker script and memory map

LOAD ../cronometrof_bsp//obj/HAL/src/crt0.o
LOAD obj/default/hello_world_small.o
LOAD /home/hrlds/intelFPGA_lite/20.1/nios2eds/bin/gnu/H-x86_64-pc-linux-gnu/bin/../lib/gcc/nios2-elf/9.2.1/../../../../../H-x86_64-pc-linux-gnu/nios2-elf/lib/mno-hw-mul/libstdc++.a
LOAD /home/hrlds/intelFPGA_lite/20.1/nios2eds/bin/gnu/H-x86_64-pc-linux-gnu/bin/../lib/gcc/nios2-elf/9.2.1/../../../../../H-x86_64-pc-linux-gnu/nios2-elf/lib/mno-hw-mul/libm.a
LOAD /home/hrlds/intelFPGA_lite/20.1/nios2eds/bin/gnu/H-x86_64-pc-linux-gnu/bin/../lib/gcc/nios2-elf/9.2.1/mno-hw-mul/libgcc.a
START GROUP
LOAD /home/hrlds/intelFPGA_lite/20.1/nios2eds/bin/gnu/H-x86_64-pc-linux-gnu/bin/../lib/gcc/nios2-elf/9.2.1/../../../../../H-x86_64-pc-linux-gnu/nios2-elf/lib/mno-hw-mul/libsmallc.a
LOAD /home/hrlds/intelFPGA_lite/20.1/nios2eds/bin/gnu/H-x86_64-pc-linux-gnu/bin/../lib/gcc/nios2-elf/9.2.1/mno-hw-mul/libgcc.a
LOAD ../cronometrof_bsp//libhal_bsp.a
LOAD /home/hrlds/intelFPGA_lite/20.1/nios2eds/bin/gnu/H-x86_64-pc-linux-gnu/bin/../lib/gcc/nios2-elf/9.2.1/../../../../../H-x86_64-pc-linux-gnu/nios2-elf/lib/mno-hw-mul/libm.a
END GROUP
LOAD /home/hrlds/intelFPGA_lite/20.1/nios2eds/bin/gnu/H-x86_64-pc-linux-gnu/bin/../lib/gcc/nios2-elf/9.2.1/mno-hw-mul/libgcc.a
                0x0000000000000000                __alt_mem_ROM = 0x0
                0x0000000000010000                __alt_mem_RAM = 0x10000

.entry          0x0000000000000000       0x20
 *(.entry)
 .entry         0x0000000000000000       0x20 ../cronometrof_bsp//obj/HAL/src/crt0.o
                0x0000000000000000                __reset
                0x000000000000000c                _exit

.exceptions     0x0000000000000020      0x160
                0x0000000000000020                PROVIDE (__ram_exceptions_start = ABSOLUTE (.))
                0x0000000000000020                . = ALIGN (0x20)
 *(.irq)
 *(.exceptions.entry.label)
 .exceptions.entry.label
                0x0000000000000020        0x0 ../cronometrof_bsp//libhal_bsp.a(alt_irq_entry.o)
                0x0000000000000020                alt_irq_entry
 .exceptions.entry.label
                0x0000000000000020        0x0 ../cronometrof_bsp//libhal_bsp.a(alt_exception_entry.o)
                0x0000000000000020                alt_exception
 *(.exceptions.entry.user)
 *(.exceptions.entry.ecc_fatal)
 *(.exceptions.entry)
 .exceptions.entry
                0x0000000000000020       0x54 ../cronometrof_bsp//libhal_bsp.a(alt_exception_entry.o)
 *(.exceptions.irqtest.user)
 *(.exceptions.irqtest)
 .exceptions.irqtest
                0x0000000000000074       0x10 ../cronometrof_bsp//libhal_bsp.a(alt_irq_entry.o)
 *(.exceptions.irqhandler.user)
 *(.exceptions.irqhandler)
 .exceptions.irqhandler
                0x0000000000000084        0x4 ../cronometrof_bsp//libhal_bsp.a(alt_irq_entry.o)
 *(.exceptions.irqreturn.user)
 *(.exceptions.irqreturn)
 .exceptions.irqreturn
                0x0000000000000088        0x4 ../cronometrof_bsp//libhal_bsp.a(alt_irq_entry.o)
 *(.exceptions.notirq.label)
 .exceptions.notirq.label
                0x000000000000008c        0x0 ../cronometrof_bsp//libhal_bsp.a(alt_irq_entry.o)
 *(.exceptions.notirq.user)
 *(.exceptions.notirq)
 .exceptions.notirq
                0x000000000000008c        0x8 ../cronometrof_bsp//libhal_bsp.a(alt_exception_entry.o)
 *(.exceptions.soft.user)
 *(.exceptions.soft)
 *(.exceptions.unknown.user)
 *(.exceptions.unknown)
 .exceptions.unknown
                0x0000000000000094       0x14 ../cronometrof_bsp//libhal_bsp.a(alt_exception_entry.o)
 *(.exceptions.exit.label)
 .exceptions.exit.label
                0x00000000000000a8        0x0 ../cronometrof_bsp//libhal_bsp.a(alt_irq_entry.o)
 .exceptions.exit.label
                0x00000000000000a8        0x0 ../cronometrof_bsp//libhal_bsp.a(alt_exception_entry.o)
 *(.exceptions.exit.user)
 *(.exceptions.exit)
 .exceptions.exit
                0x00000000000000a8       0x54 ../cronometrof_bsp//libhal_bsp.a(alt_exception_entry.o)
 *(.exceptions)
 .exceptions    0x00000000000000fc       0x60 ../cronometrof_bsp//libhal_bsp.a(alt_irq_handler.o)
                0x00000000000000fc                alt_irq_handler
 .exceptions    0x000000000000015c       0x24 ../cronometrof_bsp//libhal_bsp.a(alt_instruction_exception_entry.o)
                0x000000000000015c                alt_instruction_exception_entry
                0x0000000000000180                PROVIDE (__ram_exceptions_end = ABSOLUTE (.))
                0x0000000000000020                PROVIDE (__flash_exceptions_start = LOADADDR (.exceptions))

.text           0x0000000000000180      0xa94
                [!provide]                        PROVIDE (stext = ABSOLUTE (.))
 *(.interp)
 *(.hash)
 *(.dynsym)
 *(.dynstr)
 *(.gnu.version)
 *(.gnu.version_d)
 *(.gnu.version_r)
 *(.rel.init)
 *(.rela.init)
 *(.rel.text .rel.text.* .rel.gnu.linkonce.t.*)
 *(.rela.text .rela.text.* .rela.gnu.linkonce.t.*)
 *(.rel.fini)
 *(.rela.fini)
 *(.rel.rodata .rel.rodata.* .rel.gnu.linkonce.r.*)
 *(.rela.rodata .rela.rodata.* .rela.gnu.linkonce.r.*)
 *(.rel.data .rel.data.* .rel.gnu.linkonce.d.*)
 *(.rela.data .rela.data.* .rela.gnu.linkonce.d.*)
 *(.rel.tdata .rel.tdata.* .rel.gnu.linkonce.td.*)
 *(.rela.tdata .rela.tdata.* .rela.gnu.linkonce.td.*)
 *(.rel.tbss .rel.tbss.* .rel.gnu.linkonce.tb.*)
 *(.rela.tbss .rela.tbss.* .rela.gnu.linkonce.tb.*)
 *(.rel.ctors)
 *(.rela.ctors)
 *(.rel.dtors)
 *(.rela.dtors)
 *(.rel.got)
 *(.rela.got)
 *(.rel.sdata .rel.sdata.* .rel.gnu.linkonce.s.*)
 *(.rela.sdata .rela.sdata.* .rela.gnu.linkonce.s.*)
 *(.rel.sbss .rel.sbss.* .rel.gnu.linkonce.sb.*)
 *(.rela.sbss .rela.sbss.* .rela.gnu.linkonce.sb.*)
 *(.rel.sdata2 .rel.sdata2.* .rel.gnu.linkonce.s2.*)
 *(.rela.sdata2 .rela.sdata2.* .rela.gnu.linkonce.s2.*)
 *(.rel.sbss2 .rel.sbss2.* .rel.gnu.linkonce.sb2.*)
 *(.rela.sbss2 .rela.sbss2.* .rela.gnu.linkonce.sb2.*)
 *(.rel.bss .rel.bss.* .rel.gnu.linkonce.b.*)
 *(.rela.bss .rela.bss.* .rela.gnu.linkonce.b.*)
 *(.rel.plt)
 *(.rela.plt)
 *(.rel.dyn)
 *(.init)
 *(.plt)
 *(.text .stub .text.* .gnu.linkonce.t.*)
 .text          0x0000000000000180       0x3c ../cronometrof_bsp//obj/HAL/src/crt0.o
                0x0000000000000180                _start
 .text          0x00000000000001bc      0x530 obj/default/hello_world_small.o
 .text.startup  0x00000000000006ec       0xfc obj/default/hello_world_small.o
                0x00000000000006ec                main
 .text          0x00000000000007e8      0x1b4 /home/hrlds/intelFPGA_lite/20.1/nios2eds/bin/gnu/H-x86_64-pc-linux-gnu/bin/../lib/gcc/nios2-elf/9.2.1/mno-hw-mul/libgcc.a(lib2-divmod.o)
                0x00000000000007e8                __divsi3
                0x0000000000000868                __modsi3
                0x00000000000008dc                __udivsi3
                0x0000000000000940                __umodsi3
 .text          0x000000000000099c       0x8c ../cronometrof_bsp//libhal_bsp.a(alt_iic.o)
                0x000000000000099c                alt_ic_isr_register
                0x00000000000009a0                alt_ic_irq_enable
                0x00000000000009d8                alt_ic_irq_disable
                0x0000000000000a10                alt_ic_irq_enabled
 .text          0x0000000000000a28       0x68 ../cronometrof_bsp//libhal_bsp.a(alt_iic_isr_register.o)
                0x0000000000000a28                alt_iic_isr_register
 .text          0x0000000000000a90        0x0 ../cronometrof_bsp//libhal_bsp.a(alt_irq_entry.o)
 .text          0x0000000000000a90        0x0 ../cronometrof_bsp//libhal_bsp.a(alt_irq_handler.o)
 .text          0x0000000000000a90        0x0 ../cronometrof_bsp//libhal_bsp.a(alt_irq_vars.o)
 .text          0x0000000000000a90       0xb4 ../cronometrof_bsp//libhal_bsp.a(alt_load.o)
                0x0000000000000a90                alt_load
 .text          0x0000000000000b44       0x2c ../cronometrof_bsp//libhal_bsp.a(alt_main.o)
                0x0000000000000b44                alt_main
 .text          0x0000000000000b70       0x24 ../cronometrof_bsp//libhal_bsp.a(alt_sys_init.o)
                0x0000000000000b70                alt_irq_init
                0x0000000000000b90                alt_sys_init
 .text          0x0000000000000b94        0x4 ../cronometrof_bsp//libhal_bsp.a(alt_dcache_flush_all.o)
                0x0000000000000b94                alt_dcache_flush_all
 .text          0x0000000000000b98        0x0 ../cronometrof_bsp//libhal_bsp.a(alt_exception_entry.o)
 .text          0x0000000000000b98        0x4 ../cronometrof_bsp//libhal_bsp.a(alt_icache_flush_all.o)
                0x0000000000000b98                alt_icache_flush_all
 .text          0x0000000000000b9c       0x70 ../cronometrof_bsp//libhal_bsp.a(alt_instruction_exception_entry.o)
                0x0000000000000b9c                alt_exception_cause_generated_bad_addr
 .text          0x0000000000000c0c        0x8 ../cronometrof_bsp//libhal_bsp.a(altera_nios2_gen2_irq.o)
                0x0000000000000c0c                altera_nios2_gen2_irq_init
 *(.gnu.warning.*)
 *(.fini)
                [!provide]                        PROVIDE (__etext = ABSOLUTE (.))
                [!provide]                        PROVIDE (_etext = ABSOLUTE (.))
                [!provide]                        PROVIDE (etext = ABSOLUTE (.))
 *(.eh_frame_hdr)
                0x0000000000000c14                . = ALIGN (0x4)
                [!provide]                        PROVIDE (__preinit_array_start = ABSOLUTE (.))
 *(.preinit_array)
                [!provide]                        PROVIDE (__preinit_array_end = ABSOLUTE (.))
                [!provide]                        PROVIDE (__init_array_start = ABSOLUTE (.))
 *(.init_array)
                [!provide]                        PROVIDE (__init_array_end = ABSOLUTE (.))
                [!provide]                        PROVIDE (__fini_array_start = ABSOLUTE (.))
 *(.fini_array)
                [!provide]                        PROVIDE (__fini_array_end = ABSOLUTE (.))
 *(.eh_frame)
 *(.gcc_except_table .gcc_except_table.*)
 *(.dynamic)
                [!provide]                        PROVIDE (__CTOR_LIST__ = ABSOLUTE (.))
 *(.ctors)
 *(SORT_BY_NAME(.ctors.*))
                [!provide]                        PROVIDE (__CTOR_END__ = ABSOLUTE (.))
                [!provide]                        PROVIDE (__DTOR_LIST__ = ABSOLUTE (.))
 *(.dtors)
 *(SORT_BY_NAME(.dtors.*))
                [!provide]                        PROVIDE (__DTOR_END__ = ABSOLUTE (.))
 *(.jcr)
                0x0000000000000c14                . = ALIGN (0x4)

.rodata         0x0000000000010000        0x0 load address 0x0000000000000c14
                0x0000000000010000                PROVIDE (__ram_rodata_start = ABSOLUTE (.))
                0x0000000000010000                . = ALIGN (0x4)
 *(.rodata .rodata.* .gnu.linkonce.r.*)
 *(.rodata1)
                0x0000000000010000                . = ALIGN (0x4)
                0x0000000000010000                PROVIDE (__ram_rodata_end = ABSOLUTE (.))
                0x0000000000000c14                PROVIDE (__flash_rodata_start = LOADADDR (.rodata))

.rwdata         0x0000000000010000        0x4 load address 0x0000000000000c14
                0x0000000000010000                PROVIDE (__ram_rwdata_start = ABSOLUTE (.))
                0x0000000000010000                . = ALIGN (0x4)
 *(.got.plt)
 *(.got)
 *(.data1)
 *(.data .data.* .gnu.linkonce.d.*)
 .data          0x0000000000010000        0x0 ../cronometrof_bsp//obj/HAL/src/crt0.o
 .data          0x0000000000010000        0x0 obj/default/hello_world_small.o
 .data          0x0000000000010000        0x0 /home/hrlds/intelFPGA_lite/20.1/nios2eds/bin/gnu/H-x86_64-pc-linux-gnu/bin/../lib/gcc/nios2-elf/9.2.1/mno-hw-mul/libgcc.a(lib2-divmod.o)
 .data          0x0000000000010000        0x0 ../cronometrof_bsp//libhal_bsp.a(alt_iic.o)
 .data          0x0000000000010000        0x0 ../cronometrof_bsp//libhal_bsp.a(alt_iic_isr_register.o)
 .data          0x0000000000010000        0x0 ../cronometrof_bsp//libhal_bsp.a(alt_irq_entry.o)
 .data          0x0000000000010000        0x0 ../cronometrof_bsp//libhal_bsp.a(alt_irq_handler.o)
 .data          0x0000000000010000        0x0 ../cronometrof_bsp//libhal_bsp.a(alt_irq_vars.o)
 .data          0x0000000000010000        0x0 ../cronometrof_bsp//libhal_bsp.a(alt_load.o)
 .data          0x0000000000010000        0x0 ../cronometrof_bsp//libhal_bsp.a(alt_main.o)
 .data          0x0000000000010000        0x0 ../cronometrof_bsp//libhal_bsp.a(alt_sys_init.o)
 .data          0x0000000000010000        0x0 ../cronometrof_bsp//libhal_bsp.a(alt_dcache_flush_all.o)
 .data          0x0000000000010000        0x0 ../cronometrof_bsp//libhal_bsp.a(alt_exception_entry.o)
 .data          0x0000000000010000        0x0 ../cronometrof_bsp//libhal_bsp.a(alt_icache_flush_all.o)
 .data          0x0000000000010000        0x0 ../cronometrof_bsp//libhal_bsp.a(alt_instruction_exception_entry.o)
 .data          0x0000000000010000        0x0 ../cronometrof_bsp//libhal_bsp.a(altera_nios2_gen2_irq.o)
                0x0000000000018000                _gp = ABSOLUTE ((. + 0x8000))
                [!provide]                        PROVIDE (gp = _gp)
 *(.rwdata .rwdata.*)
 *(.sdata .sdata.* .gnu.linkonce.s.*)
 .sdata         0x0000000000010000        0x4 ../cronometrof_bsp//libhal_bsp.a(alt_irq_vars.o)
                0x0000000000010000                alt_priority_mask
 *(.sdata2 .sdata2.* .gnu.linkonce.s2.*)
                0x0000000000010004                . = ALIGN (0x4)
                0x0000000000010004                _edata = ABSOLUTE (.)
                [!provide]                        PROVIDE (edata = ABSOLUTE (.))
                0x0000000000010004                PROVIDE (__ram_rwdata_end = ABSOLUTE (.))
                0x0000000000000c14                PROVIDE (__flash_rwdata_start = LOADADDR (.rwdata))

.bss            0x0000000000010004      0x128 load address 0x0000000000000c18
                0x0000000000010004                __bss_start = ABSOLUTE (.)
                [!provide]                        PROVIDE (__sbss_start = ABSOLUTE (.))
                [!provide]                        PROVIDE (___sbss_start = ABSOLUTE (.))
 *(.dynsbss)
 *(.sbss .sbss.* .gnu.linkonce.sb.*)
 .sbss          0x0000000000010004       0x10 obj/default/hello_world_small.o
                0x0000000000010004                init
 .sbss          0x0000000000010014        0x4 obj/default/hello_world_small.o
                0x0000000000010014                edge_capture
 .sbss          0x0000000000010018        0x4 ../cronometrof_bsp//libhal_bsp.a(alt_irq_vars.o)
                0x0000000000010018                alt_irq_active
 .sbss          0x000000000001001c        0xc ../cronometrof_bsp//libhal_bsp.a(alt_main.o)
                0x000000000001001c                alt_envp
                0x0000000000010020                alt_argv
                0x0000000000010024                alt_argc
 .sbss          0x0000000000010028        0x4 ../cronometrof_bsp//libhal_bsp.a(alt_instruction_exception_entry.o)
                0x0000000000010028                alt_instruction_exception_handler
 *(.sbss2 .sbss2.* .gnu.linkonce.sb2.*)
 *(.scommon)
                [!provide]                        PROVIDE (__sbss_end = ABSOLUTE (.))
                [!provide]                        PROVIDE (___sbss_end = ABSOLUTE (.))
 *(.dynbss)
 *(.bss .bss.* .gnu.linkonce.b.*)
 .bss           0x000000000001002c        0x0 ../cronometrof_bsp//obj/HAL/src/crt0.o
 .bss           0x000000000001002c        0x0 obj/default/hello_world_small.o
 .bss           0x000000000001002c        0x0 /home/hrlds/intelFPGA_lite/20.1/nios2eds/bin/gnu/H-x86_64-pc-linux-gnu/bin/../lib/gcc/nios2-elf/9.2.1/mno-hw-mul/libgcc.a(lib2-divmod.o)
 .bss           0x000000000001002c        0x0 ../cronometrof_bsp//libhal_bsp.a(alt_iic.o)
 .bss           0x000000000001002c        0x0 ../cronometrof_bsp//libhal_bsp.a(alt_iic_isr_register.o)
 .bss           0x000000000001002c        0x0 ../cronometrof_bsp//libhal_bsp.a(alt_irq_entry.o)
 .bss           0x000000000001002c        0x0 ../cronometrof_bsp//libhal_bsp.a(alt_irq_handler.o)
 .bss           0x000000000001002c        0x0 ../cronometrof_bsp//libhal_bsp.a(alt_irq_vars.o)
 .bss           0x000000000001002c        0x0 ../cronometrof_bsp//libhal_bsp.a(alt_load.o)
 .bss           0x000000000001002c        0x0 ../cronometrof_bsp//libhal_bsp.a(alt_main.o)
 .bss           0x000000000001002c        0x0 ../cronometrof_bsp//libhal_bsp.a(alt_sys_init.o)
 .bss           0x000000000001002c        0x0 ../cronometrof_bsp//libhal_bsp.a(alt_dcache_flush_all.o)
 .bss           0x000000000001002c        0x0 ../cronometrof_bsp//libhal_bsp.a(alt_exception_entry.o)
 .bss           0x000000000001002c        0x0 ../cronometrof_bsp//libhal_bsp.a(alt_icache_flush_all.o)
 .bss           0x000000000001002c        0x0 ../cronometrof_bsp//libhal_bsp.a(alt_instruction_exception_entry.o)
 .bss           0x000000000001002c        0x0 ../cronometrof_bsp//libhal_bsp.a(altera_nios2_gen2_irq.o)
 *(COMMON)
 COMMON         0x000000000001002c      0x100 ../cronometrof_bsp//libhal_bsp.a(alt_irq_handler.o)
                0x000000000001002c                alt_irq
                0x000000000001012c                . = ALIGN (0x4)
                0x000000000001012c                __bss_end = ABSOLUTE (.)

.ROM            0x0000000000000c18        0x0
                [!provide]                        PROVIDE (_alt_partition_ROM_start = ABSOLUTE (.))
 *(.ROM .ROM. ROM.*)
                0x0000000000000c18                . = ALIGN (0x4)
                [!provide]                        PROVIDE (_alt_partition_ROM_end = ABSOLUTE (.))
                [!provide]                        PROVIDE (_alt_partition_ROM_load_addr = LOADADDR (.ROM))

.RAM            0x000000000001012c        0x0 load address 0x0000000000000c18
                [!provide]                        PROVIDE (_alt_partition_RAM_start = ABSOLUTE (.))
 *(.RAM .RAM. RAM.*)
                0x000000000001012c                . = ALIGN (0x4)
                [!provide]                        PROVIDE (_alt_partition_RAM_end = ABSOLUTE (.))
                0x000000000001012c                _end = ABSOLUTE (.)
                0x000000000001012c                end = ABSOLUTE (.)
                0x000000000001012c                __alt_stack_base = ABSOLUTE (.)
                [!provide]                        PROVIDE (_alt_partition_RAM_load_addr = LOADADDR (.RAM))

.stab
 *(.stab)

.stabstr
 *(.stabstr)

.stab.excl
 *(.stab.excl)

.stab.exclstr
 *(.stab.exclstr)

.stab.index
 *(.stab.index)

.stab.indexstr
 *(.stab.indexstr)

.comment        0x0000000000000000       0x2c
 *(.comment)
 .comment       0x0000000000000000       0x2c obj/default/hello_world_small.o
                                         0x2d (size before relaxing)
 .comment       0x000000000000002c       0x2d /home/hrlds/intelFPGA_lite/20.1/nios2eds/bin/gnu/H-x86_64-pc-linux-gnu/bin/../lib/gcc/nios2-elf/9.2.1/mno-hw-mul/libgcc.a(lib2-divmod.o)
 .comment       0x000000000000002c       0x2d ../cronometrof_bsp//libhal_bsp.a(alt_iic.o)
 .comment       0x000000000000002c       0x2d ../cronometrof_bsp//libhal_bsp.a(alt_iic_isr_register.o)
 .comment       0x000000000000002c       0x2d ../cronometrof_bsp//libhal_bsp.a(alt_irq_handler.o)
 .comment       0x000000000000002c       0x2d ../cronometrof_bsp//libhal_bsp.a(alt_irq_vars.o)
 .comment       0x000000000000002c       0x2d ../cronometrof_bsp//libhal_bsp.a(alt_load.o)
 .comment       0x000000000000002c       0x2d ../cronometrof_bsp//libhal_bsp.a(alt_main.o)
 .comment       0x000000000000002c       0x2d ../cronometrof_bsp//libhal_bsp.a(alt_sys_init.o)
 .comment       0x000000000000002c       0x2d ../cronometrof_bsp//libhal_bsp.a(alt_dcache_flush_all.o)
 .comment       0x000000000000002c       0x2d ../cronometrof_bsp//libhal_bsp.a(alt_icache_flush_all.o)
 .comment       0x000000000000002c       0x2d ../cronometrof_bsp//libhal_bsp.a(alt_instruction_exception_entry.o)
 .comment       0x000000000000002c       0x2d ../cronometrof_bsp//libhal_bsp.a(altera_nios2_gen2_irq.o)

.debug
 *(.debug)

.line
 *(.line)

.debug_srcinfo
 *(.debug_srcinfo)

.debug_sfnames
 *(.debug_sfnames)

.debug_aranges  0x0000000000000000      0x238
 *(.debug_aranges)
 .debug_aranges
                0x0000000000000000       0x28 ../cronometrof_bsp//obj/HAL/src/crt0.o
 .debug_aranges
                0x0000000000000028       0x28 obj/default/hello_world_small.o
 .debug_aranges
                0x0000000000000050       0x20 /home/hrlds/intelFPGA_lite/20.1/nios2eds/bin/gnu/H-x86_64-pc-linux-gnu/bin/../lib/gcc/nios2-elf/9.2.1/mno-hw-mul/libgcc.a(lib2-divmod.o)
 .debug_aranges
                0x0000000000000070       0x20 ../cronometrof_bsp//libhal_bsp.a(alt_iic.o)
 .debug_aranges
                0x0000000000000090       0x20 ../cronometrof_bsp//libhal_bsp.a(alt_iic_isr_register.o)
 .debug_aranges
                0x00000000000000b0       0x30 ../cronometrof_bsp//libhal_bsp.a(alt_irq_entry.o)
 .debug_aranges
                0x00000000000000e0       0x20 ../cronometrof_bsp//libhal_bsp.a(alt_irq_handler.o)
 .debug_aranges
                0x0000000000000100       0x18 ../cronometrof_bsp//libhal_bsp.a(alt_irq_vars.o)
 .debug_aranges
                0x0000000000000118       0x20 ../cronometrof_bsp//libhal_bsp.a(alt_load.o)
 .debug_aranges
                0x0000000000000138       0x20 ../cronometrof_bsp//libhal_bsp.a(alt_main.o)
 .debug_aranges
                0x0000000000000158       0x20 ../cronometrof_bsp//libhal_bsp.a(alt_sys_init.o)
 .debug_aranges
                0x0000000000000178       0x20 ../cronometrof_bsp//libhal_bsp.a(alt_dcache_flush_all.o)
 .debug_aranges
                0x0000000000000198       0x38 ../cronometrof_bsp//libhal_bsp.a(alt_exception_entry.o)
 .debug_aranges
                0x00000000000001d0       0x20 ../cronometrof_bsp//libhal_bsp.a(alt_icache_flush_all.o)
 .debug_aranges
                0x00000000000001f0       0x28 ../cronometrof_bsp//libhal_bsp.a(alt_instruction_exception_entry.o)
 .debug_aranges
                0x0000000000000218       0x20 ../cronometrof_bsp//libhal_bsp.a(altera_nios2_gen2_irq.o)

.debug_pubnames
 *(.debug_pubnames)

.debug_info     0x0000000000000000     0x7495
 *(.debug_info .gnu.linkonce.wi.*)
 .debug_info    0x0000000000000000       0x22 ../cronometrof_bsp//obj/HAL/src/crt0.o
 .debug_info    0x0000000000000022      0xcac obj/default/hello_world_small.o
 .debug_info    0x0000000000000cce      0x368 /home/hrlds/intelFPGA_lite/20.1/nios2eds/bin/gnu/H-x86_64-pc-linux-gnu/bin/../lib/gcc/nios2-elf/9.2.1/mno-hw-mul/libgcc.a(lib2-divmod.o)
 .debug_info    0x0000000000001036      0xca2 ../cronometrof_bsp//libhal_bsp.a(alt_iic.o)
 .debug_info    0x0000000000001cd8      0xb3a ../cronometrof_bsp//libhal_bsp.a(alt_iic_isr_register.o)
 .debug_info    0x0000000000002812       0x22 ../cronometrof_bsp//libhal_bsp.a(alt_irq_entry.o)
 .debug_info    0x0000000000002834      0xa61 ../cronometrof_bsp//libhal_bsp.a(alt_irq_handler.o)
 .debug_info    0x0000000000003295       0x8b ../cronometrof_bsp//libhal_bsp.a(alt_irq_vars.o)
 .debug_info    0x0000000000003320      0xaed ../cronometrof_bsp//libhal_bsp.a(alt_load.o)
 .debug_info    0x0000000000003e0d      0xeb0 ../cronometrof_bsp//libhal_bsp.a(alt_main.o)
 .debug_info    0x0000000000004cbd      0x9ea ../cronometrof_bsp//libhal_bsp.a(alt_sys_init.o)
 .debug_info    0x00000000000056a7      0x934 ../cronometrof_bsp//libhal_bsp.a(alt_dcache_flush_all.o)
 .debug_info    0x0000000000005fdb       0x22 ../cronometrof_bsp//libhal_bsp.a(alt_exception_entry.o)
 .debug_info    0x0000000000005ffd      0x934 ../cronometrof_bsp//libhal_bsp.a(alt_icache_flush_all.o)
 .debug_info    0x0000000000006931      0x20f ../cronometrof_bsp//libhal_bsp.a(alt_instruction_exception_entry.o)
 .debug_info    0x0000000000006b40      0x955 ../cronometrof_bsp//libhal_bsp.a(altera_nios2_gen2_irq.o)

.debug_abbrev   0x0000000000000000     0x1b37
 *(.debug_abbrev)
 .debug_abbrev  0x0000000000000000       0x12 ../cronometrof_bsp//obj/HAL/src/crt0.o
 .debug_abbrev  0x0000000000000012      0x332 obj/default/hello_world_small.o
 .debug_abbrev  0x0000000000000344      0x103 /home/hrlds/intelFPGA_lite/20.1/nios2eds/bin/gnu/H-x86_64-pc-linux-gnu/bin/../lib/gcc/nios2-elf/9.2.1/mno-hw-mul/libgcc.a(lib2-divmod.o)
 .debug_abbrev  0x0000000000000447      0x31f ../cronometrof_bsp//libhal_bsp.a(alt_iic.o)
 .debug_abbrev  0x0000000000000766      0x303 ../cronometrof_bsp//libhal_bsp.a(alt_iic_isr_register.o)
 .debug_abbrev  0x0000000000000a69       0x12 ../cronometrof_bsp//libhal_bsp.a(alt_irq_entry.o)
 .debug_abbrev  0x0000000000000a7b      0x283 ../cronometrof_bsp//libhal_bsp.a(alt_irq_handler.o)
 .debug_abbrev  0x0000000000000cfe       0x44 ../cronometrof_bsp//libhal_bsp.a(alt_irq_vars.o)
 .debug_abbrev  0x0000000000000d42      0x277 ../cronometrof_bsp//libhal_bsp.a(alt_load.o)
 .debug_abbrev  0x0000000000000fb9      0x252 ../cronometrof_bsp//libhal_bsp.a(alt_main.o)
 .debug_abbrev  0x000000000000120b      0x25f ../cronometrof_bsp//libhal_bsp.a(alt_sys_init.o)
 .debug_abbrev  0x000000000000146a      0x1e0 ../cronometrof_bsp//libhal_bsp.a(alt_dcache_flush_all.o)
 .debug_abbrev  0x000000000000164a       0x12 ../cronometrof_bsp//libhal_bsp.a(alt_exception_entry.o)
 .debug_abbrev  0x000000000000165c      0x1e0 ../cronometrof_bsp//libhal_bsp.a(alt_icache_flush_all.o)
 .debug_abbrev  0x000000000000183c      0x116 ../cronometrof_bsp//libhal_bsp.a(alt_instruction_exception_entry.o)
 .debug_abbrev  0x0000000000001952      0x1e5 ../cronometrof_bsp//libhal_bsp.a(altera_nios2_gen2_irq.o)

.debug_line     0x0000000000000000     0x1f06
 *(.debug_line)
 .debug_line    0x0000000000000000       0x66 ../cronometrof_bsp//obj/HAL/src/crt0.o
 .debug_line    0x0000000000000066      0x5e8 obj/default/hello_world_small.o
 .debug_line    0x000000000000064e      0x2f9 /home/hrlds/intelFPGA_lite/20.1/nios2eds/bin/gnu/H-x86_64-pc-linux-gnu/bin/../lib/gcc/nios2-elf/9.2.1/mno-hw-mul/libgcc.a(lib2-divmod.o)
 .debug_line    0x0000000000000947      0x297 ../cronometrof_bsp//libhal_bsp.a(alt_iic.o)
 .debug_line    0x0000000000000bde      0x251 ../cronometrof_bsp//libhal_bsp.a(alt_iic_isr_register.o)
 .debug_line    0x0000000000000e2f       0x6b ../cronometrof_bsp//libhal_bsp.a(alt_irq_entry.o)
 .debug_line    0x0000000000000e9a      0x21f ../cronometrof_bsp//libhal_bsp.a(alt_irq_handler.o)
 .debug_line    0x00000000000010b9       0x50 ../cronometrof_bsp//libhal_bsp.a(alt_irq_vars.o)
 .debug_line    0x0000000000001109      0x285 ../cronometrof_bsp//libhal_bsp.a(alt_load.o)
 .debug_line    0x000000000000138e      0x341 ../cronometrof_bsp//libhal_bsp.a(alt_main.o)
 .debug_line    0x00000000000016cf      0x1f0 ../cronometrof_bsp//libhal_bsp.a(alt_sys_init.o)
 .debug_line    0x00000000000018bf      0x1a9 ../cronometrof_bsp//libhal_bsp.a(alt_dcache_flush_all.o)
 .debug_line    0x0000000000001a68       0xb3 ../cronometrof_bsp//libhal_bsp.a(alt_exception_entry.o)
 .debug_line    0x0000000000001b1b      0x1a7 ../cronometrof_bsp//libhal_bsp.a(alt_icache_flush_all.o)
 .debug_line    0x0000000000001cc2       0xee ../cronometrof_bsp//libhal_bsp.a(alt_instruction_exception_entry.o)
 .debug_line    0x0000000000001db0      0x156 ../cronometrof_bsp//libhal_bsp.a(altera_nios2_gen2_irq.o)

.debug_frame    0x0000000000000000      0x2dc
 *(.debug_frame)
 .debug_frame   0x0000000000000000       0xa8 obj/default/hello_world_small.o
 .debug_frame   0x00000000000000a8       0x50 /home/hrlds/intelFPGA_lite/20.1/nios2eds/bin/gnu/H-x86_64-pc-linux-gnu/bin/../lib/gcc/nios2-elf/9.2.1/mno-hw-mul/libgcc.a(lib2-divmod.o)
 .debug_frame   0x00000000000000f8       0x50 ../cronometrof_bsp//libhal_bsp.a(alt_iic.o)
 .debug_frame   0x0000000000000148       0x38 ../cronometrof_bsp//libhal_bsp.a(alt_iic_isr_register.o)
 .debug_frame   0x0000000000000180       0x34 ../cronometrof_bsp//libhal_bsp.a(alt_irq_handler.o)
 .debug_frame   0x00000000000001b4       0x30 ../cronometrof_bsp//libhal_bsp.a(alt_load.o)
 .debug_frame   0x00000000000001e4       0x2c ../cronometrof_bsp//libhal_bsp.a(alt_main.o)
 .debug_frame   0x0000000000000210       0x3c ../cronometrof_bsp//libhal_bsp.a(alt_sys_init.o)
 .debug_frame   0x000000000000024c       0x20 ../cronometrof_bsp//libhal_bsp.a(alt_dcache_flush_all.o)
 .debug_frame   0x000000000000026c       0x20 ../cronometrof_bsp//libhal_bsp.a(alt_icache_flush_all.o)
 .debug_frame   0x000000000000028c       0x30 ../cronometrof_bsp//libhal_bsp.a(alt_instruction_exception_entry.o)
 .debug_frame   0x00000000000002bc       0x20 ../cronometrof_bsp//libhal_bsp.a(altera_nios2_gen2_irq.o)

.debug_str      0x0000000000000000     0x123a
 *(.debug_str)
 .debug_str     0x0000000000000000       0x56 ../cronometrof_bsp//obj/HAL/src/crt0.o
 .debug_str     0x0000000000000056      0x5bc obj/default/hello_world_small.o
                                        0x652 (size before relaxing)
 .debug_str     0x0000000000000612      0x194 /home/hrlds/intelFPGA_lite/20.1/nios2eds/bin/gnu/H-x86_64-pc-linux-gnu/bin/../lib/gcc/nios2-elf/9.2.1/mno-hw-mul/libgcc.a(lib2-divmod.o)
                                        0x1df (size before relaxing)
 .debug_str     0x00000000000007a6       0xf2 ../cronometrof_bsp//libhal_bsp.a(alt_iic.o)
                                        0x635 (size before relaxing)
 .debug_str     0x0000000000000898       0x37 ../cronometrof_bsp//libhal_bsp.a(alt_iic_isr_register.o)
                                        0x601 (size before relaxing)
 .debug_str     0x00000000000008cf       0x18 ../cronometrof_bsp//libhal_bsp.a(alt_irq_entry.o)
                                         0x5f (size before relaxing)
 .debug_str     0x00000000000008e7       0x3a ../cronometrof_bsp//libhal_bsp.a(alt_irq_handler.o)
                                        0x58b (size before relaxing)
 .debug_str     0x0000000000000921       0x29 ../cronometrof_bsp//libhal_bsp.a(alt_irq_vars.o)
                                        0x141 (size before relaxing)
 .debug_str     0x000000000000094a      0x11d ../cronometrof_bsp//libhal_bsp.a(alt_load.o)
                                        0x623 (size before relaxing)
 .debug_str     0x0000000000000a67      0x23d ../cronometrof_bsp//libhal_bsp.a(alt_main.o)
                                        0x7d5 (size before relaxing)
 .debug_str     0x0000000000000ca4       0x8f ../cronometrof_bsp//libhal_bsp.a(alt_sys_init.o)
                                        0x5cb (size before relaxing)
 .debug_str     0x0000000000000d33       0x1f ../cronometrof_bsp//libhal_bsp.a(alt_dcache_flush_all.o)
                                        0x53c (size before relaxing)
 .debug_str     0x0000000000000d52       0x1e ../cronometrof_bsp//libhal_bsp.a(alt_exception_entry.o)
                                         0x65 (size before relaxing)
 .debug_str     0x0000000000000d70       0x1f ../cronometrof_bsp//libhal_bsp.a(alt_icache_flush_all.o)
                                        0x53c (size before relaxing)
 .debug_str     0x0000000000000d8f      0x48b ../cronometrof_bsp//libhal_bsp.a(alt_instruction_exception_entry.o)
                                        0x5a7 (size before relaxing)
 .debug_str     0x000000000000121a       0x20 ../cronometrof_bsp//libhal_bsp.a(altera_nios2_gen2_irq.o)
                                        0x550 (size before relaxing)

.debug_loc      0x0000000000000000     0x1030
 *(.debug_loc)
 .debug_loc     0x0000000000000000      0x475 obj/default/hello_world_small.o
 .debug_loc     0x0000000000000475      0x5d0 /home/hrlds/intelFPGA_lite/20.1/nios2eds/bin/gnu/H-x86_64-pc-linux-gnu/bin/../lib/gcc/nios2-elf/9.2.1/mno-hw-mul/libgcc.a(lib2-divmod.o)
 .debug_loc     0x0000000000000a45      0x205 ../cronometrof_bsp//libhal_bsp.a(alt_iic.o)
 .debug_loc     0x0000000000000c4a      0x23c ../cronometrof_bsp//libhal_bsp.a(alt_iic_isr_register.o)
 .debug_loc     0x0000000000000e86       0xac ../cronometrof_bsp//libhal_bsp.a(alt_irq_handler.o)
 .debug_loc     0x0000000000000f32       0x66 ../cronometrof_bsp//libhal_bsp.a(alt_load.o)
 .debug_loc     0x0000000000000f98       0x25 ../cronometrof_bsp//libhal_bsp.a(alt_sys_init.o)
 .debug_loc     0x0000000000000fbd       0x73 ../cronometrof_bsp//libhal_bsp.a(alt_instruction_exception_entry.o)

.debug_macinfo
 *(.debug_macinfo)

.debug_weaknames
 *(.debug_weaknames)

.debug_funcnames
 *(.debug_funcnames)

.debug_typenames
 *(.debug_typenames)

.debug_varnames
 *(.debug_varnames)

.debug_alt_sim_info
                0x0000000000000000       0x10
 *(.debug_alt_sim_info)
 .debug_alt_sim_info
                0x0000000000000000       0x10 ../cronometrof_bsp//obj/HAL/src/crt0.o
                0x0000000000011000                __alt_data_end = 0x11000
                0x0000000000011000                PROVIDE (__alt_stack_pointer = __alt_data_end)
                [!provide]                        PROVIDE (__alt_stack_limit = __alt_stack_base)
                [!provide]                        PROVIDE (__alt_heap_start = end)
                [!provide]                        PROVIDE (__alt_heap_limit = 0x11000)
OUTPUT(cronometrof.elf elf32-littlenios2)

.debug_ranges   0x0000000000000000      0x1f8
 .debug_ranges  0x0000000000000000       0x20 ../cronometrof_bsp//obj/HAL/src/crt0.o
 .debug_ranges  0x0000000000000020       0x18 obj/default/hello_world_small.o
 .debug_ranges  0x0000000000000038       0x70 /home/hrlds/intelFPGA_lite/20.1/nios2eds/bin/gnu/H-x86_64-pc-linux-gnu/bin/../lib/gcc/nios2-elf/9.2.1/mno-hw-mul/libgcc.a(lib2-divmod.o)
 .debug_ranges  0x00000000000000a8       0x18 ../cronometrof_bsp//libhal_bsp.a(alt_iic_isr_register.o)
 .debug_ranges  0x00000000000000c0       0x28 ../cronometrof_bsp//libhal_bsp.a(alt_irq_entry.o)
 .debug_ranges  0x00000000000000e8       0x28 ../cronometrof_bsp//libhal_bsp.a(alt_irq_handler.o)
 .debug_ranges  0x0000000000000110       0xa0 ../cronometrof_bsp//libhal_bsp.a(alt_load.o)
 .debug_ranges  0x00000000000001b0       0x30 ../cronometrof_bsp//libhal_bsp.a(alt_exception_entry.o)
 .debug_ranges  0x00000000000001e0       0x18 ../cronometrof_bsp//libhal_bsp.a(alt_instruction_exception_entry.o)
